ap = 0kB
2016-09-14T19:11:33.073317-04:00 kernel: [45481.788257] 65536 pages of RAM
2016-09-14T19:11:33.073335-04:00 kernel: [45481.788268] 1092 free pages
2016-09-14T19:11:33.073353-04:00 kernel: [45481.788275] 2662 reserved pages
2016-09-14T19:11:33.073371-04:00 kernel: [45481.788282] 4952 slab pages
2016-09-14T19:11:33.073390-04:00 kernel: [45481.788289] 315316 pages shared
2016-09-14T19:11:33.073409-04:00 kernel: [45481.788297] 0 pages swap cached
2016-09-14T19:11:38.263797-04:00 kernel: [45486.968492] Mem-info:
2016-09-14T19:11:38.263818-04:00 kernel: [45486.968505] Normal per-cpu:
2016-09-14T19:11:38.263839-04:00 kernel: [45486.968518] CPU    0: hi:   90, btch:  15 usd:  38
2016-09-14T19:11:38.263860-04:00 kernel: [45486.968547] active_anon:7375 inactive_anon:20 isolated_anon:0
2016-09-14T19:11:38.263882-04:00 kernel: [45486.968547]  active_file:22305 inactive_file:25863 isolated_file:0
2016-09-14T19:11:38.263903-04:00 kernel: [45486.968547]  unevictable:422 dirty:2820 writeback:2151 unstable:0
2016-09-14T19:11:38.263923-04:00 kernel: [45486.968547]  free:761 slab_reclaimable:3840 slab_unreclaimable:1149
2016-09-14T19:11:38.263944-04:00 kernel: [45486.968547]  mapped:1973 shmem:43 pagetables:252 bounce:0
2016-09-14T19:11:38.263962-04:00 kernel: [45486.968547]  free_cma:13
2016-09-14T19:11:38.264008-04:00 kernel: [45486.968608] Normal free:3044kB min:2004kB low:2504kB high:3004kB active_anon:29500kB inactive_anon:80kB active_file:89220kB inactive_file:103452kB unevictable:1688kB isolated(anon):0kB isolated(file):0kB present:260096kB managed:251496kB mlocked:1688kB dirty:11280kB writeback:8604kB mapped:7892kB shmem:172kB slab_reclaimable:15360kB slab_unreclaimable:4596kB kernel_stack:1160kB pagetables:1008kB unstable:0kB bounce:0kB free_cma:52kB writeback_tmp:0kB pages_scanned:0 all_unreclaimable? no
2016-09-14T19:11:38.264030-04:00 kernel: [45486.968620] lowmem_reserve[]: 0 0 0
2016-09-14T19:11:38.264056-04:00 kernel: [45486.968635] Normal: 391*4kB (UEMRC) 83*8kB (UR) 17*16kB (R) 13*32kB (R) 2*64kB (R) 0*128kB 0*256kB 0*512kB 0*1024kB 0*2048kB 0*4096kB 0*8192kB = 3044kB
2016-09-14T19:11:38.264077-04:00 kernel: [45486.968691] 48555 total pagecache pages
2016-09-14T19:11:38.264095-04:00 kernel: [45486.968707] 0 pages in swap cache
2016-09-14T19:11:38.264115-04:00 kernel: [45486.968717] Swap cache stats: add 0, delete 0, find 0/0
2016-09-14T19:11:38.264133-04:00 kernel: [45486.968725] Free swap  = 0kB
2016-09-14T19:11:38.264152-04:00 kernel: [45486.968732] Total swap = 0kB
2016-09-14T19:11:38.264170-04:00 kernel: [45486.979765] 65536 pages of RAM
2016-09-14T19:11:38.264188-04:00 kernel: [45486.979776] 1082 free pages
2016-09-14T19:11:38.264207-04:00 kernel: [45486.979783] 2662 reserved pages
2016-09-14T19:11:38.264225-04:00 kernel: [45486.979790] 4989 slab pages
2016-09-14T19:11:38.264244-04:00 kernel: [45486.979797] 315656 pages shared
2016-09-14T19:11:38.264262-04:00 kernel: [45486.979805] 0 pages swap cached
2016-09-14T19:11:43.447662-04:00 kernel: [45492.152476] Mem-info:
2016-09-14T19:11:43.447686-04:00 kernel: [45492.152490] Normal per-cpu:
2016-09-14T19:11:43.447706-04:00 kernel: [45492.152504] CPU    0: hi:   90, btch:  15 usd:  39
2016-09-14T19:11:43.447727-04:00 kernel: [45492.152532] active_anon:7375 inactive_anon:20 isolated_anon:0
2016-09-14T19:11:43.447749-04:00 kernel: [45492.152532]  active_file:22842 inactive_file:25265 isolated_file:0
2016-09-14T19:11:43.447770-04:00 kernel: [45492.152532]  unevictable:422 dirty:2455 writeback:1104 unstable:0
2016-09-14T19:11:43.447790-04:00 kernel: [45492.152532]  free:810 slab_reclaimable:3845 slab_unreclaimable:1156
2016-09-14T19:11:43.447811-04:00 kernel: [45492.152532]  mapped:1973 shmem:43 pagetables:251 bounce:0
2016-09-14T19:11:43.447829-04:00 kernel: [45492.152532]  free_cma:48
2016-09-14T19:11:43.447875-04:00 kernel: [45492.152592] Normal free:3240kB min:2004kB low:2504kB high:3004kB active_anon:29500kB inactive_anon:80kB active_file:91368kB inactive_file:101060kB unevictable:1688kB isolated(anon):0kB isolated(file):0kB present:260096kB managed:251496kB mlocked:1688kB dirty:9820kB writeback:4416kB mapped:7892kB shmem:172kB slab_reclaimable:15380kB slab_unreclaimable:4624kB kernel_stack:1160kB pagetables:1004kB unstable:0kB bounce:0kB free_cma:192kB writeback_tmp:0kB pages_scanned:0 all_unreclaimable? no
2016-09-14T19:11:43.447896-04:00 kernel: [45492.152605] lowmem_reserve[]: 0 0 0
2016-09-14T19:11:43.447922-04:00 kernel: [45492.152619] Normal: 280*4kB (UEMRC) 131*8kB (UR) 35*16kB (R) 12*32kB (R) 2*64kB (R) 0*128kB 0*256kB 0*512kB 0*1024kB 0*2048kB 0*4096kB 0*8192kB = 3240kB
2016-09-14T19:11:43.447943-04:00 kernel: [45492.152674] 48494 total pagecache pages
2016-09-14T19:11:43.447961-04:00 kernel: [45492.152690] 0 pages in swap cache
2016-09-14T19:11:43.447981-04:00 kernel: [45492.152700] Swap cache stats: add 0, delete 0, find 0/0
2016-09-14T19:11:43.448000-04:00 kernel: [45492.152707] Free swap  = 0kB
2016-09-14T19:11:43.448018-04:00 kernel: [45492.152714] Total swap = 0kB
2016-09-14T19:11:43.448037-04:00 kernel: [45492.163744] 65536 pages of RAM
2016-09-14T19:11:43.448055-04:00 kernel: [45492.163754] 1132 free pages
2016-09-14T19:11:43.448073-04:00 kernel: [45492.163761] 2662 reserved pages
2016-09-14T19:11:43.448091-04:00 kernel: [45492.163768] 5001 slab pages
2016-09-14T19:11:43.448109-04:00 kernel: [45492.163775] 316428 pages shared
2016-09-14T19:11:43.448128-04:00 kernel: [45492.163783] 0 pages swap cached
2016-09-14T19:11:48.615352-04:00 kernel: [45497.319471] Mem-info:
2016-09-14T19:11:48.615375-04:00 kernel: [45497.319485] Normal per-cpu:
2016-09-14T19:11:48.615396-04:00 kernel: [45497.319499] CPU    0: hi:   90, btch:  15 usd:  42
2016-09-14T19:11:48.615416-04:00 kernel: [45497.319527] active_anon:7383 inactive_anon:20 isolated_anon:0
2016-09-14T19:11:48.615438-04:00 kernel: [45497.319527]  active_file:20718 inactive_file:21182 isolated_file:0
2016-09-14T19:11:48.615459-04:00 kernel: [45497.319527]  unevictable:422 dirty:3296 writeback:1362 unstable:0
2016-09-14T19:11:48.615479-04:00 kernel: [45497.319527]  free:6995 slab_reclaimable:3857 slab_unreclaimable:1158
2016-09-14T19:11:48.615500-04:00 kernel: [45497.319527]  mapped:1937 shmem:43 pagetables:252 bounce:0
2016-09-14T19:11:48.615519-04:00 kernel: [45497.319527]  free_cma:57
2016-09-14T19:11:48.615565-04:00 kernel: [45497.319588] Normal free:27980kB min:2004kB low:2504kB high:3004kB active_anon:29532kB inactive_anon:80kB active_file:82872kB inactive_file:84728kB unevictable:1688kB isolated(anon):0kB isolated(file):0kB present:260096kB managed:251496kB mlocked:1688kB dirty:13184kB writeback:5448kB mapped:7748kB shmem:172kB slab_reclaimable:15428kB slab_unreclaimable:4632kB kernel_stack:1160kB pagetables:1008kB unstable:0kB bounce:0kB free_cma:228kB writeback_tmp:0kB pages_scanned:0 all_unreclaimable? no
2016-09-14T19:11:48.615586-04:00 kernel: [45497.319600] lowmem_reserve[]: 0 0 0
2016-09-14T19:11:48.615612-04:00 kernel: [45497.319614] Normal: 4229*4kB (UEMRC) 1315*8kB (UMR) 34*16kB (UMR) 0*32kB 0*64kB 0*128kB 0*256kB 0*512kB 0*1024kB 0*2048kB 0*4096kB 0*8192kB = 27980kB
2016-09-14T19:11:48.615633-04:00 kernel: [45497.319667] 42287 total pagecache pages
2016-09-14T19:11:48.615652-04:00 kernel: [45497.319683] 0 pages in swap cache
2016-09-14T19:11:48.615672-04:00 kernel: [45497.319693] Swap cache stats: add 0, delete 0, find 0/0
2016-09-14T19:11:48.615690-04:00 kernel: [45497.319700] Free swap  = 0kB
2016-09-14T19:11:48.615709-04:00 kernel: [45497.319707] Total swap = 0kB
2016-09-14T19:11:48.615727-04:00 kernel: [45497.330820] 65536 pages of RAM
2016-09-14T19:11:48.615745-04:00 kernel: [45497.330831] 7320 free pages
2016-09-14T19:11:48.615764-04:00 kernel: [45497.330838] 2662 reserved pages
2016-09-14T19:11:48.615782-04:00 kernel: [45497.330845] 5015 slab pages
2016-09-14T19:11:48.615800-04:00 kernel: [45497.330852] 178810 pages shared
2016-09-14T19:11:48.615818-04:00 kernel: [45497.330860] 0 pages swap cached
2016-09-14T19:11:53.715799-04:00 kernel: [45502.419915] Mem-info:
2016-09-14T19:11:53.715823-04:00 kernel: [45502.419929] Normal per-cpu:
2016-09-14T19:11:53.715844-04:00 kernel: [45502.419943] CPU    0: hi:   90, btch:  15 usd:  85
2016-09-14T19:11:53.715865-04:00 kernel: [45502.419971] active_anon:7383 inactive_anon:20 isolated_anon:0
2016-09-14T19:11:53.715887-04:00 kernel: [45502.419971]  active_file:23177 inactive_file:24920 isolated_file:0
2016-09-14T19:11:53.715908-04:00 kernel: [45502.419971]  unevictable:422 dirty:3018 writeback:2722 unstable:0
2016-09-14T19:11:53.715928-04:00 kernel: [45502.419971]  free:795 slab_reclaimable:3854 slab_unreclaimable:1127
2016-09-14T19:11:53.715949-04:00 kernel: [45502.419971]  mapped:1927 shmem:43 pagetables:250 bounce:0
2016-09-14T19:11:53.715967-04:00 kernel: [45502.419971]  free_cma:16
2016-09-14T19:11:53.716013-04:00 kernel: [45502.420032] Normal free:3180kB min:2004kB low:2504kB high:3004kB active_anon:29532kB inactive_anon:80kB active_file:92708kB inactive_file:99680kB unevictable:1688kB isolated(anon):0kB isolated(file):0kB present:260096kB managed:251496kB mlocked:1688kB dirty:12072kB writeback:10888kB mapped:7708kB shmem:172kB slab_reclaimable:15416kB slab_unreclaimable:4508kB kernel_stack:1160kB pagetables:1000kB unstable:0kB bounce:0kB free_cma:64kB writeback_tmp:0kB pages_scanned:0 all_unreclaimable? no
2016-09-14T19:11:53.716035-04:00 kernel: [45502.420044] lowmem_reserve[]: 0 0 0
2016-09-14T19:11:53.716061-04:00 kernel: [45502.420058] Normal: 315*4kB (UEMRC) 154*8kB (MR) 37*16kB (UR) 3*32kB (R) 0*64kB 0*128kB 0*256kB 0*512kB 0*1024kB 0*2048kB 0*4096kB 0*8192kB = 3180kB
2016-09-14T19:11:53.716082-04:00 kernel: [45502.420113] 48484 total pagecache pages
2016-09-14T19:11:53.716100-04:00 kernel: [45502.420129] 0 pages in swap cache
2016-09-14T19:11:53.716120-04:00 kernel: [45502.420139] Swap cache stats: add 0, delete 0, find 0/0
2016-09-14T19:11:53.716139-04:00 kernel: [45502.420147] Free swap  = 0kB
2016-09-14T19:11:53.716157-04:00 kernel: [45502.420154] Total swap = 0kB
2016-09-14T19:11:53.716176-04:00 kernel: [45502.431179] 65536 pages of RAM
2016-09-14T19:11:53.716194-04:00 kernel: [45502.431190] 1163 free pages
2016-09-14T19:11:53.716212-04:00 kernel: [45502.431197] 2662 reserved pages
2016-09-14T19:11:53.716230-04:00 kernel: [45502.431204] 4981 slab pages
2016-09-14T19:11:53.716249-04:00 kernel: [45502.431212] 315927 pages shared
2016-09-14T19:11:53.716267-04:00 kernel: [45502.431219] 0 pages swap cached
2016-09-14T19:11:58.940451-04:00 kernel: [45507.644128] Mem-info:
2016-09-14T19:11:58.940474-04:00 kernel: [45507.644142] Normal per-cpu:
2016-09-14T19:11:58.940496-04:00 kernel: [45507.644156] CPU    0: hi:   90, btch:  15 usd:  79
2016-09-14T19:11:58.940517-04:00 kernel: [45507.644183] active_anon:7383 inactive_anon:20 isolated_anon:0
2016-09-14T19:11:58.940538-04:00 kernel: [45507.644183]  active_file:23922 inactive_file:23966 isolated_file:0
2016-09-14T19:11:58.940559-04:00 kernel: [45507.644183]  unevictable:422 dirty:2421 writeback:3558 unstable:0
2016-09-14T19:11:58.940580-04:00 kernel: [45507.644183]  free:894 slab_reclaimable:3918 slab_unreclaimable:1164
2016-09-14T19:11:58.940600-04:00 kernel: [45507.644183]  mapped:1951 shmem:43 pagetables:250 bounce:0
2016-09-14T19:11:58.940618-04:00 kernel: [45507.644183]  free_cma:3
2016-09-14T19:11:58.940664-04:00 kernel: [45507.644244] Normal free:3576kB min:2004kB low:2504kB high:3004kB active_anon:29532kB inactive_anon:80kB active_file:95688kB inactive_file:95864kB unevictable:1688kB isolated(anon):0kB isolated(file):0kB present:260096kB managed:251496kB mlocked:1688kB dirty:9684kB writeback:14232kB mapped:7804kB shmem:172kB slab_reclaimable:15672kB slab_unreclaimable:4656kB kernel_stack:1160kB pagetables:1000kB unstable:0kB bounce:0kB free_cma:12kB writeback_tmp:0kB pages_scanned:0 all_unreclaimable? no
2016-09-14T19:11:58.940686-04:00 kernel: [45507.644256] lowmem_reserve[]: 0 0 0
2016-09-14T19:11:58.940711-04:00 kernel: [45507.644271] Normal: 364*4kB (UERC) 161*8kB (R) 44*16kB (R) 4*32kB (R) 0*64kB 0*128kB 0*256kB 0*512kB 0*1024kB 0*2048kB 0*4096kB 0*8192kB = 3576kB
2016-09-14T19:11:58.940732-04:00 kernel: [45507.644325] 48275 total pagecache pages
2016-09-14T19:11:58.940750-04:00 kernel: [45507.644341] 0 pages in swap cache
2016-09-14T19:11:58.940771-04:00 kernel: [45507.644351] Swap cache stats: add 0, delete 0, find 0/0
2016-09-14T19:11:58.940789-04:00 kernel: [45507.644359] Free swap  = 0kB
2016-09-14T19:11:58.940807-04:00 kernel: [45507.644365] Total swap = 0kB
2016-09-14T19:11:58.940826-04:00 kernel: [45507.655381] 65536 pages of RAM
2016-09-14T19:11:58.940844-04:00 kernel: [45507.655391] 1256 free pages
2016-09-14T19:11:58.940862-04:00 kernel: [45507.655398] 2662 reserved pages
2016-09-14T19:11:58.940881-04:00 kernel: [45507.655405] 5082 slab pages
2016-09-14T19:11:58.940899-04:00 kernel: [45507.655413] 315571 pages shared
2016-09-14T19:11:58.940917-04:00 kernel: [45507.655420] 0 pages swap cached
2016-09-14T19:12:04.041089-04:00 kernel: [45512.745112] Mem-info:
2016-09-14T19:12:04.041114-04:00 kernel: [45512.745126] Normal per-cpu:
2016-09-14T19:12:04.041136-04:00 kernel: [45512.745140] CPU    0: hi:   90, btch:  15 usd:  43
2016-09-14T19:12:04.041157-04:00 kernel: [45512.745168] active_anon:7909 inactive_anon:20 isolated_anon:0
2016-09-14T19:12:04.041179-04:00 kernel: [45512.745168]  active_file:23614 inactive_file:23768 isolated_file:0
2016-09-14T19:12:04.041199-04:00 kernel: [45512.745168]  unevictable:422 dirty:2089 writeback:1198 unstable:0
2016-09-14T19:12:04.041236-04:00 kernel: [45512.745168]  free:756 slab_reclaimable:4015 slab_unreclaimable:1135
2016-09-14T19:12:04.041258-04:00 kernel: [45512.745168]  mapped:2111 shmem:43 pagetables:280 bounce:0
2016-09-14T19:12:04.041276-04:00 kernel: [45512.745168]  free_cma:0
2016-09-14T19:12:04.041322-04:00 kernel: [45512.745229] Normal free:3024kB min:2004kB low:2504kB high:3004kB active_anon:31636kB inactive_anon:80kB active_file:94456kB inactive_file:95072kB unevictable:1688kB isolated(anon):0kB isolated(file):0kB present:260096kB managed:251496kB mlocked:1688kB dirty:8356kB writeback:4792kB mapped:8444kB shmem:172kB slab_reclaimable:16060kB slab_unreclaimable:4540kB kernel_stack:1232kB pagetables:1120kB unstable:0kB bounce:0kB free_cma:0kB writeback_tmp:0kB pages_scanned:0 all_unreclaimable? no
2016-09-14T19:12:04.041344-04:00 kernel: [45512.745242] lowmem_reserve[]: 0 0 0
2016-09-14T19:12:04.041370-04:00 kernel: [45512.745256] Normal: 188*4kB (UEMR) 182*8kB (UR) 43*16kB (R) 4*32kB (R) 0*64kB 0*128kB 0*256kB 0*512kB 0*1024kB 0*2048kB 0*4096kB 0*8192kB = 3024kB
2016-09-14T19:12:04.041390-04:00 kernel: [45512.745311] 47769 total pagecache pages
2016-09-14T19:12:04.041409-04:00 kernel: [45512.745328] 0 pages in swap cache
2016-09-14T19:12:04.041429-04:00 kernel: [45512.745337] Swap cache stats: add 0, delete 0, find 0/0
2016-09-14T19:12:04.041447-04:00 kernel: [45512.745345] Free swap  = 0kB
2016-09-14T19:12:04.041466-04:00 kernel: [45512.745352] Total swap = 0kB
2016-09-14T19:12:04.041484-04:00 kernel: [45512.756369] 65536 pages of RAM
2016-09-14T19:12:04.041502-04:00 kernel: [45512.756380] 1118 free pages
2016-09-14T19:12:04.041521-04:00 kernel: [45512.756387] 2662 reserved pages
2016-09-14T19:12:04.041539-04:00 kernel: [45512.756394] 5150 slab pages
2016-09-14T19:12:04.041557-04:00 kernel: [45512.756401] 185614 pages shared
2016-09-14T19:12:04.041576-04:00 kernel: [45512.756409] 0 pages swap cached
2016-09-14T19:12:04.678134-04:00 checkChronyTrackingData.sh: Failed to get the INTERNET status from BONJOUR file
2016-09-14T19:12:04.703920-04:00 systemTimeMonitor.sh: Failed to check chrony tracking data
2016-09-14T19:12:09.170596-04:00 kernel: [45517.875326] Mem-info:
2016-09-14T19:12:09.170619-04:00 kernel: [45517.875341] Normal per-cpu:
2016-09-14T19:12:09.170641-04:00 kernel: [45517.875354] CPU    0: hi:   90, btch:  15 usd:  73
2016-09-14T19:12:09.170661-04:00 kernel: [45517.875382] active_anon:7383 inactive_anon:20 isolated_anon:0
2016-09-14T19:12:09.170683-04:00 kernel: [45517.875382]  active_file:23707 inactive_file:24223 isolated_file:0
2016-09-14T19:12:09.170704-04:00 kernel: [45517.875382]  unevictable:422 dirty:2352 writeback:6 unstable:0
2016-09-14T19:12:09.170725-04:00 kernel: [45517.875382]  free:791 slab_reclaimable:4038 slab_unreclaimable:1106
2016-09-14T19:12:09.170745-04:00 kernel: [45517.875382]  mapped:1967 shmem:43 pagetables:251 bounce:0
2016-09-14T19:12:09.170763-04:00 kernel: [45517.875382]  free_cma:0
2016-09-14T19:12:09.170809-04:00 kernel: [45517.875444] Normal free:3164kB min:2004kB low:2504kB high:3004kB active_anon:29532kB inactive_anon:80kB active_file:94828kB inactive_file:96892kB unevictable:1688kB isolated(anon):0kB isolated(file):0kB present:260096kB managed:251496kB mlocked:1688kB dirty:9408kB writeback:24kB mapped:7868kB shmem:172kB slab_reclaimable:16152kB slab_unreclaimable:4424kB kernel_stack:1160kB pagetables:1004kB unstable:0kB bounce:0kB free_cma:0kB writeback_tmp:0kB pages_scanned:0 all_unreclaimable? no
2016-09-14T19:12:09.170831-04:00 kernel: [45517.875457] lowmem_reserve[]: 0 0 0
2016-09-14T19:12:09.170856-04:00 kernel: [45517.875471] Normal: 299*4kB (UE) 128*8kB (R) 53*16kB (R) 3*32kB (R) 0*64kB 0*128kB 0*256kB 0*512kB 0*1024kB 0*2048kB 0*4096kB 0*8192kB = 3164kB
2016-09-14T19:12:09.170876-04:00 kernel: [45517.875526] 48317 total pagecache pages
2016-09-14T19:12:09.170895-04:00 kernel: [45517.875541] 0 pages in swap cache
2016-09-14T19:12:09.170915-04:00 kernel: [45517.875551] Swap cache stats: add 0, delete 0, find 0/0
2016-09-14T19:12:09.170934-04:00 kernel: [45517.875559] Free swap  = 0kB
2016-09-14T19:12:09.170953-04:00 kernel: [45517.875566] Total swap = 0kB
2016-09-14T19:12:09.170971-04:00 kernel: [45517.886592] 65536 pages of RAM
2016-09-14T19:12:09.170990-04:00 kernel: [45517.886603] 1147 free pages
2016-09-14T19:12:09.171008-04:00 kernel: [45517.886610] 2662 reserved pages
2016-09-14T19:12:09.171026-04:00 kernel: [45517.886618] 5144 slab pages
2016-09-14T19:12:09.171045-04:00 kernel: [45517.886625] 315830 pages shared
2016-09-14T19:12:09.171063-04:00 kernel: [45517.886632] 0 pages swap cached
2016-09-14T19:12:14.639878-04:00 kernel: [45523.344321] Mem-info:
2016-09-14T19:12:14.639901-04:00 kernel: [45523.344336] Normal per-cpu:
2016-09-14T19:12:14.639922-04:00 kernel: [45523.344350] CPU    0: hi:   90, btch:  15 usd:  76
2016-09-14T19:12:14.639944-04:00 kernel: [45523.344378] active_anon:7389 inactive_anon:20 isolated_anon:0
2016-09-14T19:12:14.639965-04:00 kernel: [45523.344378]  active_file:21309 inactive_file:21323 isolated_file:0
2016-09-14T19:12:14.639986-04:00 kernel: [45523.344378]  unevictable:422 dirty:3772 writeback:460 unstable:0
2016-09-14T19:12:14.640007-04:00 kernel: [45523.344378]  free:5929 slab_reclaimable:4072 slab_unreclaimable:1228
2016-09-14T19:12:14.640027-04:00 kernel: [45523.344378]  mapped:1997 shmem:43 pagetables:253 bounce:0
2016-09-14T19:12:14.640045-04:00 kernel: [45523.344378]  free_cma:13
2016-09-14T19:12:14.640091-04:00 kernel: [45523.344439] Normal free:23716kB min:2004kB low:2504kB high:3004kB active_anon:29556kB inactive_anon:80kB active_file:85236kB inactive_file:85292kB unevictable:1688kB isolated(anon):0kB isolated(file):0kB present:260096kB managed:251496kB mlocked:1688kB dirty:15088kB writeback:1840kB mapped:7988kB shmem:172kB slab_reclaimable:16288kB slab_unreclaimable:4912kB kernel_stack:1176kB pagetables:1012kB unstable:0kB bounce:0kB free_cma:52kB writeback_tmp:0kB pages_scanned:0 all_unreclaimable? no
2016-09-14T19:12:14.640112-04:00 kernel: [45523.344451] lowmem_reserve[]: 0 0 0
2016-09-14T19:12:14.640138-04:00 kernel: [45523.344466] Normal: 4063*4kB (UEMRC) 865*8kB (UMR) 26*16kB (UR) 4*32kB (R) 0*64kB 0*128kB 0*256kB 0*512kB 0*1024kB 0*2048kB 0*4096kB 0*8192kB = 23716kB
2016-09-14T19:12:14.640159-04:00 kernel: [45523.344520] 43019 total pagecache pages
2016-09-14T19:12:14.640177-04:00 kernel: [45523.344536] 0 pages in swap cache
2016-09-14T19:12:14.640197-04:00 kernel: [45523.344546] Swap cache stats: add 0, delete 0, find 0/0
2016-09-14T19:12:14.640215-04:00 kernel: [45523.344554] Free swap  = 0kB
2016-09-14T19:12:14.640234-04:00 kernel: [45523.344560] Total swap = 0kB
2016-09-14T19:12:14.640252-04:00 kernel: [45523.355651] 65536 pages of RAM
2016-09-14T19:12:14.640271-04:00 kernel: [45523.355662] 6293 free pages
2016-09-14T19:12:14.640289-04:00 kernel: [45523.355670] 2662 reserved pages
2016-09-14T19:12:14.640308-04:00 kernel: [45523.355677] 5300 slab pages
2016-09-14T19:12:14.640326-04:00 kernel: [45523.355684] 310703 pages shared
2016-09-14T19:12:14.640345-04:00 kernel: [45523.355692] 0 pages swap cached
2016-09-14T19:12:20.274809-04:00 kernel: [45528.978970] Mem-info:
2016-09-14T19:12:20.274832-04:00 kernel: [45528.978984] Normal per-cpu:
2016-09-14T19:12:20.274853-04:00 kernel: [45528.978998] CPU    0: hi:   90, btch:  15 usd:  86
2016-09-14T19:12:20.274874-04:00 kernel: [45528.979026] active_anon:7396 inactive_anon:20 isolated_anon:0
2016-09-14T19:12:20.274896-04:00 kernel: [45528.979026]  active_file:19889 inactive_file:27937 isolated_file:0
2016-09-14T19:12:20.274917-04:00 kernel: [45528.979026]  unevictable:422 dirty:3929 writeback:1894 unstable:0
2016-09-14T19:12:20.274938-04:00 kernel: [45528.979026]  free:740 slab_reclaimable:4101 slab_unreclaimable:1162
2016-09-14T19:12:20.274958-04:00 kernel: [45528.979026]  mapped:2095 shmem:43 pagetables:258 bounce:0
2016-09-14T19:12:20.275039-04:00 kernel: [45528.979026]  free_cma:0
2016-09-14T19:12:20.275087-04:00 kernel: [45528.979087] Normal free:2960kB min:2004kB low:2504kB high:3004kB active_anon:29584kB inactive_anon:80kB active_file:79556kB inactive_file:111748kB unevictable:1688kB isolated(anon):0kB isolated(file):0kB present:260096kB managed:251496kB mlocked:1688kB dirty:15716kB writeback:7576kB mapped:8380kB shmem:172kB slab_reclaimable:16404kB slab_unreclaimable:4648kB kernel_stack:1184kB pagetables:1032kB unstable:0kB bounce:0kB free_cma:0kB writeback_tmp:0kB pages_scanned:0 all_unreclaimable? no
2016-09-14T19:12:20.275108-04:00 kernel: [45528.979100] lowmem_reserve[]: 0 0 0
2016-09-14T19:12:20.275134-04:00 kernel: [45528.979114] Normal: 118*4kB (UMR) 171*8kB (UMR) 56*16kB (UR) 7*32kB (R) 0*64kB 0*128kB 0*256kB 0*512kB 0*1024kB 0*2048kB 0*4096kB 0*8192kB = 2960kB
2016-09-14T19:12:20.275155-04:00 kernel: [45528.979169] 48213 total pagecache pages
2016-09-14T19:12:20.275173-04:00 kernel: [45528.979184] 0 pages in swap cache
2016-09-14T19:12:20.275193-04:00 kernel: [45528.979194] Swap cache stats: add 0, delete 0, find 0/0
2016-09-14T19:12:20.275212-04:00 kernel: [45528.979202] Free swap  = 0kB
2016-09-14T19:12:20.275230-04:00 kernel: [45528.979209] Total swap = 0kB
2016-09-14T19:12:20.275249-04:00 kernel: [45528.990215] 65536 pages of RAM
2016-09-14T19:12:20.275267-04:00 kernel: [45528.990225] 1118 free pages
2016-09-14T19:12:20.275286-04:00 kernel: [45528.990232] 2662 reserved pages
2016-09-14T19:12:20.275304-04:00 kernel: [45528.990239] 5263 slab pages
2016-09-14T19:12:20.275322-04:00 kernel: [45528.990247] 315074 pages shared
2016-09-14T19:12:20.275341-04:00 kernel: [45528.990254] 0 pages swap cached
2016-09-14T19:12:25.530197-04:00 kernel: [45534.235062] Mem-info:
2016-09-14T19:12:25.530220-04:00 kernel: [45534.235075] Normal per-cpu:
2016-09-14T19:12:25.530241-04:00 kernel: [45534.235089] CPU    0: hi:   90, btch:  15 usd:  77
2016-09-14T19:12:25.530262-04:00 kernel: [45534.235117] active_anon:7412 inactive_anon:20 isolated_anon:0
2016-09-14T19:12:25.530284-04:00 kernel: [45534.235117]  active_file:20999 inactive_file:26277 isolated_file:0
2016-09-14T19:12:25.530305-04:00 kernel: [45534.235117]  unevictable:422 dirty:3057 writeback:3007 unstable:0
2016-09-14T19:12:25.530325-04:00 kernel: [45534.235117]  free:735 slab_reclaimable:4143 slab_unreclaimable:1682
2016-09-14T19:12:25.530346-04:00 kernel: [45534.235117]  mapped:2099 shmem:43 pagetables:254 bounce:0
2016-09-14T19:12:25.530364-04:00 kernel: [45534.235117]  free_cma:0
2016-09-14T19:12:25.530410-04:00 kernel: [45534.235178] Normal free:2940kB min:2004kB low:2504kB high:3004kB active_anon:29648kB inactive_anon:80kB active_file:83996kB inactive_file:105108kB unevictable:1688kB isolated(anon):0kB isolated(file):0kB present:260096kB managed:251496kB mlocked:1688kB dirty:12228kB writeback:12028kB mapped:8396kB shmem:172kB slab_reclaimable:16572kB slab_unreclaimable:6728kB kernel_stack:1176kB pagetables:1016kB unstable:0kB bounce:0kB free_cma:0kB writeback_tmp:0kB pages_scanned:0 all_unreclaimable? no
2016-09-14T19:12:25.530432-04:00 kernel: [45534.235190] lowmem_reserve[]: 0 0 0
2016-09-14T19:12:25.530457-04:00 kernel: [45534.235204] Normal: 393*4kB (UEMR) 39*8kB (R) 50*16kB (R) 8*32kB (R) 0*64kB 0*128kB 0*256kB 0*512kB 0*1024kB 0*2048kB 0*4096kB 0*8192kB = 2940kB
2016-09-14T19:12:25.530478-04:00 kernel: [45534.235259] 47663 total pagecache pages
2016-09-14T19:12:25.530497-04:00 kernel: [45534.235275] 0 pages in swap cache
2016-09-14T19:12:25.530517-04:00 kernel: [45534.235285] Swap cache stats: add 0, delete 0, find 0/0
2016-09-14T19:12:25.530535-04:00 kernel: [45534.235293] Free swap  = 0kB
2016-09-14T19:12:25.530554-04:00 kernel: [45534.235299] Total swap = 0kB
2016-09-14T19:12:25.530572-04:00 kernel: [45534.246303] 65536 pages of RAM
2016-09-14T19:12:25.530590-04:00 kernel: [45534.246314] 1100 free pages
2016-09-14T19:12:25.530608-04:00 kernel: [45534.246321] 2662 reserved pages
2016-09-14T19:12:25.530627-04:00 kernel: [45534.246328] 5825 slab pages
2016-09-14T19:12:25.530645-04:00 kernel: [45534.246335] 314391 pages shared
2016-09-14T19:12:25.530664-04:00 kernel: [45534.246342] 0 pages swap cached
2016-09-14T19:12:30.672339-04:00 kernel: [45539.376550] Mem-info:
2016-09-14T19:12:30.672362-04:00 kernel: [45539.376564] Normal per-cpu:
2016-09-14T19:12:30.672382-04:00 kernel: [45539.376578] CPU    0: hi:   90, btch:  15 usd:  34
2016-09-14T19:12:30.672403-04:00 kernel: [45539.376606] active_anon:7398 inactive_anon:20 isolated_anon:0
2016-09-14T19:12:30.672425-04:00 kernel: [45539.376606]  active_file:12322 inactive_file:33721 isolated_file:0
2016-09-14T19:12:30.672446-04:00 kernel: [45539.376606]  unevictable:422 dirty:303 writeback:5238 unstable:0
2016-09-14T19:12:30.672467-04:00 kernel: [45539.376606]  free:1192 slab_reclaimable:4184 slab_unreclaimable:2456
2016-09-14T19:12:30.672487-04:00 kernel: [45539.376606]  mapped:2106 shmem:43 pagetables:253 bounce:0
2016-09-14T19:12:30.672506-04:00 kernel: [45539.376606]  free_cma:418
2016-09-14T19:12:30.672600-04:00 kernel: [45539.376667] Normal free:4768kB min:2004kB low:2504kB high:3004kB active_anon:29592kB inactive_anon:80kB active_file:49288kB inactive_file:134884kB unevictable:1688kB isolated(anon):0kB isolated(file):0kB present:260096kB managed:251496kB mlocked:1688kB dirty:1212kB writeback:20952kB mapped:8424kB shmem:172kB slab_reclaimable:16736kB slab_unreclaimable:9824kB kernel_stack:1176kB pagetables:1012kB unstable:0kB bounce:0kB free_cma:1672kB writeback_tmp:0kB pages_scanned:0 all_unreclaimable? no
2016-09-14T19:12:30.672626-04:00 kernel: [45539.376680] lowmem_reserve[]: 0 0 0
2016-09-14T19:12:30.672652-04:00 kernel: [45539.376693] Normal: 494*4kB (URC) 103*8kB (URC) 73*16kB (R) 19*32kB (R) 3*64kB (R) 0*128kB 0*256kB 0*512kB 0*1024kB 0*2048kB 0*4096kB 0*8192kB = 4768kB
2016-09-14T19:12:30.672673-04:00 kernel: [45539.376750] 46430 total pagecache pages
2016-09-14T19:12:30.672691-04:00 kernel: [45539.376766] 0 pages in swap cache
2016-09-14T19:12:30.672711-04:00 kernel: [45539.376776] Swap cache stats: add 0, delete 0, find 0/0
2016-09-14T19:12:30.672730-04:00 kernel: [45539.376783] Free swap  = 0kB
2016-09-14T19:12:30.672748-04:00 kernel: [45539.376790] Total swap = 0kB
2016-09-14T19:12:30.672766-04:00 kernel: [45539.387780] 65536 pages of RAM
2016-09-14T19:12:30.672784-04:00 kernel: [45539.387791] 1514 free pages
2016-09-14T19:12:30.672803-04:00 kernel: [45539.387798] 2662 reserved pages
2016-09-14T19:12:30.672821-04:00 kernel: [45539.387805] 6640 slab pages
2016-09-14T19:12:30.672839-04:00 kernel: [45539.387813] 313346 pages shared
2016-09-14T19:12:30.672858-04:00 kernel: [45539.387820] 0 pages swap cached
2016-09-14T19:12:36.227426-04:00 kernel: [45544.932032] Mem-info:
2016-09-14T19:12:36.227452-04:00 kernel: [45544.932047] Normal per-cpu:
2016-09-14T19:12:36.227473-04:00 kernel: [45544.932062] CPU    0: hi:   90, btch:  15 usd:  44
2016-09-14T19:12:36.227494-04:00 kernel: [45544.932090] active_anon:7396 inactive_anon:20 isolated_anon:0
2016-09-14T19:12:36.227516-04:00 kernel: [45544.932090]  active_file:8049 inactive_file:30769 isolated_file:0
2016-09-14T19:12:36.227536-04:00 kernel: [45544.932090]  unevictable:422 dirty:1572 writeback:3353 unstable:0
2016-09-14T19:12:36.227557-04:00 kernel: [45544.932090]  free:8754 slab_reclaimable:4280 slab_unreclaimable:2019
2016-09-14T19:12:36.227577-04:00 kernel: [45544.932090]  mapped:2105 shmem:43 pagetables:256 bounce:0
2016-09-14T19:12:36.227595-04:00 kernel: [45544.932090]  free_cma:327
2016-09-14T19:12:36.227642-04:00 kernel: [45544.932151] Normal free:35016kB min:2004kB low:2504kB high:3004kB active_anon:29584kB inactive_anon:80kB active_file:32196kB inactive_file:123076kB unevictable:1688kB isolated(anon):0kB isolated(file):0kB present:260096kB managed:251496kB mlocked:1688kB dirty:6288kB writeback:13412kB mapped:8420kB shmem:172kB slab_reclaimable:17120kB slab_unreclaimable:8076kB kernel_stack:1176kB pagetables:1024kB unstable:0kB bounce:0kB free_cma:1308kB writeback_tmp:0kB pages_scanned:0 all_unreclaimable? no
2016-09-14T19:12:36.227664-04:00 kernel: [45544.932163] lowmem_reserve[]: 0 0 0
2016-09-14T19:12:36.227690-04:00 kernel: [45544.932177] Normal: 5684*4kB (UEMRC) 1321*8kB (UEMRC) 103*16kB (UMRC) 2*32kB (R) 0*64kB 0*128kB 0*256kB 0*512kB 0*1024kB 0*2048kB 0*4096kB 0*8192kB = 35016kB
2016-09-14T19:12:36.227711-04:00 kernel: [45544.932234] 39205 total pagecache pages
2016-09-14T19:12:36.227729-04:00 kernel: [45544.932250] 0 pages in swap cache
2016-09-14T19:12:36.227749-04:00 kernel: [45544.932260] Swap cache stats: add 0, delete 0, find 0/0
2016-09-14T19:12:36.227768-04:00 kernel: [45544.932267] Free swap  = 0kB
2016-09-14T19:12:36.227787-04:00 kernel: [45544.932274] Total swap = 0kB
2016-09-14T19:12:36.227865-04:00 kernel: [45544.943388] 65536 pages of RAM
2016-09-14T19:12:36.227886-04:00 kernel: [45544.943399] 9086 free pages
2016-09-14T19:12:36.227905-04:00 kernel: [45544.943406] 2662 reserved pages
2016-09-14T19:12:36.227924-04:00 kernel: [45544.943413] 6299 slab pages
2016-09-14T19:12:36.227942-04:00 kernel: [45544.943420] 306179 pages shared
2016-09-14T19:12:36.227961-04:00 kernel: [45544.943428] 0 pages swap cached
2016-09-14T19:12:41.398710-04:00 kernel: [45550.102876] Mem-info:
2016-09-14T19:12:41.398734-04:00 kernel: [45550.102891] Normal per-cpu:
2016-09-14T19:12:41.398754-04:00 kernel: [45550.102904] CPU    0: hi:   90, btch:  15 usd:  57
2016-09-14T19:12:41.398775-04:00 kernel: [45550.102932] active_anon:7398 inactive_anon:20 isolated_anon:0
2016-09-14T19:12:41.398797-04:00 kernel: [45550.102932]  active_file:7754 inactive_file:39337 isolated_file:0
2016-09-14T19:12:41.398817-04:00 kernel: [45550.102932]  unevictable:422 dirty:2542 writeback:781 unstable:0
2016-09-14T19:12:41.398838-04:00 kernel: [45550.102932]  free:907 slab_reclaimable:4445 slab_unreclaimable:1407
2016-09-14T19:12:41.398858-04:00 kernel: [45550.102932]  mapped:2106 shmem:43 pagetables:255 bounce:0
2016-09-14T19:12:41.398876-04:00 kernel: [45550.102932]  free_cma:9
2016-09-14T19:12:41.398922-04:00 kernel: [45550.102993] Normal free:3628kB min:2004kB low:2504kB high:3004kB active_anon:29592kB inactive_anon:80kB active_file:31016kB inactive_file:157348kB unevictable:1688kB isolated(anon):0kB isolated(file):0kB present:260096kB managed:251496kB mlocked:1688kB dirty:10168kB writeback:3124kB mapped:8424kB shmem:172kB slab_reclaimable:17780kB slab_unreclaimable:5628kB kernel_stack:1176kB pagetables:1020kB unstable:0kB bounce:0kB free_cma:36kB writeback_tmp:0kB pages_scanned:0 all_unreclaimable? no
2016-09-14T19:12:41.398944-04:00 kernel: [45550.103006] lowmem_reserve[]: 0 0 0
2016-09-14T19:12:41.398996-04:00 kernel: [45550.103020] Normal: 497*4kB (UEMRC) 135*8kB (UEMR) 27*16kB (UMR) 4*32kB (MR) 0*64kB 0*128kB 0*256kB 0*512kB 0*1024kB 0*2048kB 0*4096kB 0*8192kB = 3628kB
2016-09-14T19:12:41.399018-04:00 kernel: [45550.103075] 47478 total pagecache pages
2016-09-14T19:12:41.399037-04:00 kernel: [45550.103090] 0 pages in swap cache
2016-09-14T19:12:41.399057-04:00 kernel: [45550.103101] Swap cache stats: add 0, delete 0, find 0/0
2016-09-14T19:12:41.399076-04:00 kernel: [45550.103108] Free swap  = 0kB
2016-09-14T19:12:41.399094-04:00 kernel: [45550.103115] Total swap = 0kB
2016-09-14T19:12:41.399113-04:00 kernel: [45550.114106] 65536 pages of RAM
2016-09-14T19:12:41.399131-04:00 kernel: [45550.114116] 1252 free pages
2016-09-14T19:12:41.399149-04:00 kernel: [45550.114123] 2662 reserved pages
2016-09-14T19:12:41.399167-04:00 kernel: [45550.114130] 5852 slab pages
2016-09-14T19:12:41.399186-04:00 kernel: [45550.114138] 314409 pages shared
2016-09-14T19:12:41.399204-04:00 kernel: [45550.114146] 0 pages swap cached
2016-09-14T19:12:46.501179-04:00 kernel: [45555.205842] Mem-info:
2016-09-14T19:12:46.501202-04:00 kernel: [45555.205857] Normal per-cpu:
2016-09-14T19:12:46.501222-04:00 kernel: [45555.205870] CPU    0: hi:   90, btch:  15 usd:  83
2016-09-14T19:12:46.501243-04:00 kernel: [45555.205898] active_anon:7398 inactive_anon:20 isolated_anon:0
2016-09-14T19:12:46.501265-04:00 kernel: [45555.205898]  active_file:7644 inactive_file:37460 isolated_file:0
2016-09-14T19:12:46.501286-04:00 kernel: [45555.205898]  unevictable:422 dirty:921 writeback:899 unstable:0
2016-09-14T19:12:46.501306-04:00 kernel: [45555.205898]  free:2291 slab_reclaimable:4417 slab_unreclaimable:2013
2016-09-14T19:12:46.501326-04:00 kernel: [45555.205898]  mapped:2125 shmem:43 pagetables:254 bounce:0
2016-09-14T19:12:46.501345-04:00 kernel: [45555.205898]  free_cma:86
2016-09-14T19:12:46.501391-04:00 kernel: [45555.205959] Normal free:9164kB min:2004kB low:2504kB high:3004kB active_anon:29592kB inactive_anon:80kB active_file:30576kB inactive_file:149840kB unevictable:1688kB isolated(anon):0kB isolated(file):0kB present:260096kB managed:251496kB mlocked:1688kB dirty:3684kB writeback:3596kB mapped:8500kB shmem:172kB slab_reclaimable:17668kB slab_unreclaimable:8052kB kernel_stack:1176kB pagetables:1016kB unstable:0kB bounce:0kB free_cma:344kB writeback_tmp:0kB pages_scanned:0 all_unreclaimable? no
2016-09-14T19:12:46.501412-04:00 kernel: [45555.205971] lowmem_reserve[]: 0 0 0
2016-09-14T19:12:46.501438-04:00 kernel: [45555.205986] Normal: 1203*4kB (UEMRC) 466*8kB (UMR) 33*16kB (UMR) 3*32kB (R) 0*64kB 0*128kB 0*256kB 0*512kB 0*1024kB 0*2048kB 0*4096kB 0*8192kB = 9164kB
2016-09-14T19:12:46.501459-04:00 kernel: [45555.206041] 45491 total pagecache pages
2016-09-14T19:12:46.501478-04:00 kernel: [45555.206057] 0 pages in swap cache
2016-09-14T19:12:46.501498-04:00 kernel: [45555.206067] Swap cache stats: add 0, delete 0, find 0/0
2016-09-14T19:12:46.501516-04:00 kernel: [45555.206075] Free swap  = 0kB
2016-09-14T19:12:46.501535-04:00 kernel: [45555.206082] Total swap = 0kB
2016-09-14T19:12:46.501553-04:00 kernel: [45555.217091] 65536 pages of RAM
2016-09-14T19:12:46.501571-04:00 kernel: [45555.217101] 2662 free pages
2016-09-14T19:12:46.501590-04:00 kernel: [45555.217109] 2662 reserved pages
2016-09-14T19:12:46.501643-04:00 kernel: [45555.217116] 6430 slab pages
2016-09-14T19:12:46.501664-04:00 kernel: [45555.217123] 312560 pages shared
2016-09-14T19:12:46.501683-04:00 kernel: [45555.217131] 0 pages swap cached
2016-09-14T19:12:51.672979-04:00 kernel: [45560.374569] Mem-info:
2016-09-14T19:12:51.673002-04:00 kernel: [45560.374583] Normal per-cpu:
2016-09-14T19:12:51.673024-04:00 kernel: [45560.374596] CPU    0: hi:   90, btch:  15 usd:  45
2016-09-14T19:12:51.673045-04:00 kernel: [45560.374624] active_anon:7372 inactive_anon:20 isolated_anon:0
2016-09-14T19:12:51.673067-04:00 kernel: [45560.374624]  active_file:7702 inactive_file:37265 isolated_file:0
2016-09-14T19:12:51.673088-04:00 kernel: [45560.374624]  unevictable:422 dirty:1573 writeback:0 unstable:0
2016-09-14T19:12:51.673108-04:00 kernel: [45560.374624]  free:3331 slab_reclaimable:4479 slab_unreclaimable:1122
2016-09-14T19:12:51.673129-04:00 kernel: [45560.374624]  mapped:2122 shmem:43 pagetables:249 bounce:0
2016-09-14T19:12:51.673147-04:00 kernel: [45560.374624]  free_cma:198
2016-09-14T19:12:51.673193-04:00 kernel: [45560.374685] Normal free:13324kB min:2004kB low:2504kB high:3004kB active_anon:29488kB inactive_anon:80kB active_file:30808kB inactive_file:149060kB unevictable:1688kB isolated(anon):0kB isolated(file):0kB present:260096kB managed:251496kB mlocked:1688kB dirty:6292kB writeback:0kB mapped:8488kB shmem:172kB slab_reclaimable:17916kB slab_unreclaimable:4488kB kernel_stack:1168kB pagetables:996kB unstable:0kB bounce:0kB free_cma:792kB writeback_tmp:0kB pages_scanned:0 all_unreclaimable? no
2016-09-14T19:12:51.673214-04:00 kernel: [45560.374698] lowmem_reserve[]: 0 0 0
2016-09-14T19:12:51.673240-04:00 kernel: [45560.374712] Normal: 933*4kB (UMRC) 1131*8kB (UEMRC) 30*16kB (UR) 2*32kB (R) 0*64kB 0*128kB 0*256kB 0*512kB 0*1024kB 0*2048kB 0*4096kB 0*8192kB = 13324kB
2016-09-14T19:12:51.673261-04:00 kernel: [45560.374768] 45354 total pagecache pages
2016-09-14T19:12:51.673279-04:00 kernel: [45560.374784] 0 pages in swap cache
2016-09-14T19:12:51.673299-04:00 kernel: [45560.374793] Swap cache stats: add 0, delete 0, find 0/0
2016-09-14T19:12:51.673318-04:00 kernel: [45560.374801] Free swap  = 0kB
2016-09-14T19:12:51.673336-04:00 kernel: [45560.374808] Total swap = 0kB
2016-09-14T19:12:51.673354-04:00 kernel: [45560.385818] 65536 pages of RAM
2016-09-14T19:12:51.673372-04:00 kernel: [45560.385829] 3660 free pages
2016-09-14T19:12:51.673391-04:00 kernel: [45560.385836] 2662 reserved pages
2016-09-14T19:12:51.673409-04:00 kernel: [45560.385843] 5601 slab pages
2016-09-14T19:12:51.673427-04:00 kernel: [45560.385850] 312511 pages shared
2016-09-14T19:12:51.673446-04:00 kernel: [45560.385858] 0 pages swap cached
2016-09-14T19:12:56.944942-04:00 kernel: [45565.649808] Mem-info:
2016-09-14T19:12:56.944963-04:00 kernel: [45565.649822] Normal per-cpu:
2016-09-14T19:12:56.944983-04:00 kernel: [45565.649835] CPU    0: hi:   90, btch:  15 usd:  51
2016-09-14T19:12:56.945004-04:00 kernel: [45565.649864] active_anon:7398 inactive_anon:20 isolated_anon:0
2016-09-14T19:12:56.945027-04:00 kernel: [45565.649864]  active_file:5688 inactive_file:41634 isolated_file:0
2016-09-14T19:12:56.945047-04:00 kernel: [45565.649864]  unevictable:422 dirty:1101 writeback:0 unstable:0
2016-09-14T19:12:56.945068-04:00 kernel: [45565.649864]  free:834 slab_reclaimable:4568 slab_unreclaimable:1139
2016-09-14T19:12:56.945089-04:00 kernel: [45565.649864]  mapped:2126 shmem:43 pagetables:254 bounce:0
2016-09-14T19:12:56.945107-04:00 kernel: [45565.649864]  free_cma:26
2016-09-14T19:12:56.945153-04:00 kernel: [45565.649925] Normal free:3336kB min:2004kB low:2504kB high:3004kB active_anon:29592kB inactive_anon:80kB active_file:22752kB inactive_file:166536kB unevictable:1688kB isolated(anon):0kB isolated(file):0kB present:260096kB managed:251496kB mlocked:1688kB dirty:4404kB writeback:0kB mapped:8504kB shmem:172kB slab_reclaimable:18272kB slab_unreclaimable:4556kB kernel_stack:1168kB pagetables:1016kB unstable:0kB bounce:0kB free_cma:104kB writeback_tmp:0kB pages_scanned:0 all_unreclaimable? no
2016-09-14T19:12:56.945175-04:00 kernel: [45565.649938] lowmem_reserve[]: 0 0 0
2016-09-14T19:12:56.945200-04:00 kernel: [45565.649952] Normal: 378*4kB (UEMRC) 142*8kB (UMRC) 23*16kB (UMR) 8*32kB (MR) 1*64kB (M) 0*128kB 0*256kB 0*512kB 0*1024kB 0*2048kB 0*4096kB 0*8192kB = 3336kB
2016-09-14T19:12:56.945221-04:00 kernel: [45565.650009] 47709 total pagecache pages
2016-09-14T19:12:56.945240-04:00 kernel: [45565.650026] 0 pages in swap cache
2016-09-14T19:12:56.945260-04:00 kernel: [45565.650036] Swap cache stats: add 0, delete 0, find 0/0
2016-09-14T19:12:56.945279-04:00 kernel: [45565.650044] Free swap  = 0kB
2016-09-14T19:12:56.945297-04:00 kernel: [45565.650050] Total swap = 0kB
2016-09-14T19:12:56.945315-04:00 kernel: [45565.661046] 65536 pages of RAM
2016-09-14T19:12:56.945333-04:00 kernel: [45565.661057] 1172 free pages
2016-09-14T19:12:56.945352-04:00 kernel: [45565.661064] 2662 reserved pages
2016-09-14T19:12:56.945370-04:00 kernel: [45565.661071] 5707 slab pages
2016-09-14T19:12:56.945388-04:00 kernel: [45565.661079] 314931 pages shared
2016-09-14T19:12:56.945407-04:00 kernel: [45565.661086] 0 pages swap cached
2016-09-14T19:13:02.034763-04:00 kernel: [45570.738949] Mem-info:
2016-09-14T19:13:02.034786-04:00 kernel: [45570.738963] Normal per-cpu:
2016-09-14T19:13:02.034806-04:00 kernel: [45570.738976] CPU    0: hi:   90, btch:  15 usd:  54
2016-09-14T19:13:02.034827-04:00 kernel: [45570.739004] active_anon:7372 inactive_anon:20 isolated_anon:0
2016-09-14T19:13:02.034849-04:00 kernel: [45570.739004]  active_file:4266 inactive_file:42001 isolated_file:0
2016-09-14T19:13:02.034869-04:00 kernel: [45570.739004]  unevictable:422 dirty:4 writeback:23 unstable:0
2016-09-14T19:13:02.034890-04:00 kernel: [45570.739004]  free:1933 slab_reclaimable:4574 slab_unreclaimable:1144
2016-09-14T19:13:02.034910-04:00 kernel: [45570.739004]  mapped:2121 shmem:43 pagetables:248 bounce:0
2016-09-14T19:13:02.034928-04:00 kernel: [45570.739004]  free_cma:297
2016-09-14T19:13:02.034974-04:00 kernel: [45570.739067] Normal free:7732kB min:2004kB low:2504kB high:3004kB active_anon:29488kB inactive_anon:80kB active_file:17064kB inactive_file:168004kB unevictable:1688kB isolated(anon):0kB isolated(file):0kB present:260096kB managed:251496kB mlocked:1688kB dirty:16kB writeback:92kB mapped:8484kB shmem:172kB slab_reclaimable:18296kB slab_unreclaimable:4576kB kernel_stack:1160kB pagetables:992kB unstable:0kB bounce:0kB free_cma:1188kB writeback_tmp:0kB pages_scanned:0 all_unreclaimable? no
2016-09-14T19:13:02.034996-04:00 kernel: [45570.739079] lowmem_reserve[]: 0 0 0
2016-09-14T19:13:02.035022-04:00 kernel: [45570.739093] Normal: 1005*4kB (UEMRC) 358*8kB (UEMRC) 43*16kB (UMR) 5*32kB (R) 0*64kB 0*128kB 0*256kB 0*512kB 0*1024kB 0*2048kB 0*4096kB 0*8192kB = 7732kB
2016-09-14T19:13:02.035042-04:00 kernel: [45570.739149] 46654 total pagecache pages
2016-09-14T19:13:02.035061-04:00 kernel: [45570.739165] 0 pages in swap cache
2016-09-14T19:13:02.035081-04:00 kernel: [45570.739174] Swap cache stats: add 0, delete 0, find 0/0
2016-09-14T19:13:02.035099-04:00 kernel: [45570.739182] Free swap  = 0kB
2016-09-14T19:13:02.035118-04:00 kernel: [45570.739189] Total swap = 0kB
2016-09-14T19:13:02.035136-04:00 kernel: [45570.750203] 65536 pages of RAM
2016-09-14T19:13:02.035154-04:00 kernel: [45570.750214] 2270 free pages
2016-09-14T19:13:02.035173-04:00 kernel: [45570.750221] 2662 reserved pages
2016-09-14T19:13:02.035192-04:00 kernel: [45570.750229] 5718 slab pages
2016-09-14T19:13:02.035210-04:00 kernel: [45570.750236] 314067 pages shared
2016-09-14T19:13:02.035229-04:00 kernel: [45570.750243] 0 pages swap cached
2016-09-14T19:13:07.111306-04:00 kernel: [45575.815242] Mem-info:
2016-09-14T19:13:07.111330-04:00 kernel: [45575.815256] Normal per-cpu:
2016-09-14T19:13:07.111351-04:00 kernel: [45575.815271] CPU    0: hi:   90, btch:  15 usd:  20
2016-09-14T19:13:07.111372-04:00 kernel: [45575.815298] active_anon:7372 inactive_anon:20 isolated_anon:0
2016-09-14T19:13:07.111394-04:00 kernel: [45575.815298]  active_file:3447 inactive_file:43634 isolated_file:0
2016-09-14T19:13:07.111415-04:00 kernel: [45575.815298]  unevictable:422 dirty:20 writeback:0 unstable:0
2016-09-14T19:13:07.111435-04:00 kernel: [45575.815298]  free:1577 slab_reclaimable:4166 slab_unreclaimable:1127
2016-09-14T19:13:07.111456-04:00 kernel: [45575.815298]  mapped:2114 shmem:43 pagetables:247 bounce:0
2016-09-14T19:13:07.111474-04:00 kernel: [45575.815298]  free_cma:840
2016-09-14T19:13:07.111520-04:00 kernel: [45575.815359] Normal free:6308kB min:2004kB low:2504kB high:3004kB active_anon:29488kB inactive_anon:80kB active_file:13788kB inactive_file:174536kB unevictable:1688kB isolated(anon):0kB isolated(file):0kB present:260096kB managed:251496kB mlocked:1688kB dirty:80kB writeback:0kB mapped:8456kB shmem:172kB slab_reclaimable:16664kB slab_unreclaimable:4508kB kernel_stack:1152kB pagetables:988kB unstable:0kB bounce:0kB free_cma:3360kB writeback_tmp:0kB pages_scanned:0 all_unreclaimable? no
2016-09-14T19:13:07.111541-04:00 kernel: [45575.815371] lowmem_reserve[]: 0 0 0
2016-09-14T19:13:07.111568-04:00 kernel: [45575.815385] Normal: 657*4kB (UEMRC) 138*8kB (UMRC) 41*16kB (UMRC) 48*32kB (UR) 6*64kB (R) 0*128kB 0*256kB 0*512kB 0*1024kB 0*2048kB 0*4096kB 0*8192kB = 6308kB
2016-09-14T19:13:07.111588-04:00 kernel: [45575.815443] 47468 total pagecache pages
2016-09-14T19:13:07.111606-04:00 kernel: [45575.815459] 0 pages in swap cache
2016-09-14T19:13:07.111627-04:00 kernel: [45575.815469] Swap cache stats: add 0, delete 0, find 0/0
2016-09-14T19:13:07.111645-04:00 kernel: [45575.815477] Free swap  = 0kB
2016-09-14T19:13:07.111663-04:00 kernel: [45575.815484] Total swap = 0kB
2016-09-14T19:13:07.111682-04:00 kernel: [45575.826497] 65536 pages of RAM
2016-09-14T19:13:07.111700-04:00 kernel: [45575.826508] 1876 free pages
2016-09-14T19:13:07.111719-04:00 kernel: [45575.826515] 2662 reserved pages
2016-09-14T19:13:07.111737-04:00 kernel: [45575.826522] 5293 slab pages
2016-09-14T19:13:07.111755-04:00 kernel: [45575.826529] 315805 pages shared
2016-09-14T19:13:07.111774-04:00 kernel: [45575.826537] 0 pages swap cached
2016-09-14T19:13:12.273524-04:00 kernel: [45580.977436] Mem-info:
2016-09-14T19:13:12.273572-04:00 kernel: [45580.977450] Normal per-cpu:
2016-09-14T19:13:12.273594-04:00 kernel: [45580.977464] CPU    0: hi:   90, btch:  15 usd:  45
2016-09-14T19:13:12.273615-04:00 kernel: [45580.977491] active_anon:7407 inactive_anon:20 isolated_anon:0
2016-09-14T19:13:12.273637-04:00 kernel: [45580.977491]  active_file:2849 inactive_file:44223 isolated_file:0
2016-09-14T19:13:12.273657-04:00 kernel: [45580.977491]  unevictable:422 dirty:278 writeback:0 unstable:0
2016-09-14T19:13:12.273678-04:00 kernel: [45580.977491]  free:1916 slab_reclaimable:3768 slab_unreclaimable:1101
2016-09-14T19:13:12.273698-04:00 kernel: [45580.977491]  mapped:2125 shmem:43 pagetables:258 bounce:0
2016-09-14T19:13:12.273716-04:00 kernel: [45580.977491]  free_cma:1091
2016-09-14T19:13:12.273762-04:00 kernel: [45580.977553] Normal free:7664kB min:2004kB low:2504kB high:3004kB active_anon:29628kB inactive_anon:80kB active_file:11396kB inactive_file:176892kB unevictable:1688kB isolated(anon):0kB isolated(file):0kB present:260096kB managed:251496kB mlocked:1688kB dirty:1112kB writeback:0kB mapped:8500kB shmem:172kB slab_reclaimable:15072kB slab_unreclaimable:4404kB kernel_stack:1176kB pagetables:1032kB unstable:0kB bounce:0kB free_cma:4364kB writeback_tmp:0kB pages_scanned:0 all_unreclaimable? no
2016-09-14T19:13:12.273784-04:00 kernel: [45580.977565] lowmem_reserve[]: 0 0 0
2016-09-14T19:13:12.273810-04:00 kernel: [45580.977579] Normal: 778*4kB (UEMRC) 183*8kB (UMRC) 63*16kB (UMRC) 51*32kB (RC) 7*64kB (R) 0*128kB 0*256kB 0*512kB 0*1024kB 0*2048kB 0*4096kB 0*8192kB = 7664kB
2016-09-14T19:13:12.273831-04:00 kernel: [45580.977637] 47459 total pagecache pages
2016-09-14T19:13:12.273849-04:00 kernel: [45580.977654] 0 pages in swap cache
2016-09-14T19:13:12.273870-04:00 kernel: [45580.977664] Swap cache stats: add 0, delete 0, find 0/0
2016-09-14T19:13:12.273888-04:00 kernel: [45580.977672] Free swap  = 0kB
2016-09-14T19:13:12.273906-04:00 kernel: [45580.977679] Total swap = 0kB
2016-09-14T19:13:12.273925-04:00 kernel: [45580.988711] 65536 pages of RAM
2016-09-14T19:13:12.273943-04:00 kernel: [45580.988722] 2255 free pages
2016-09-14T19:13:12.273962-04:00 kernel: [45580.988729] 2662 reserved pages
2016-09-14T19:13:12.273980-04:00 kernel: [45580.988737] 4869 slab pages
2016-09-14T19:13:12.273999-04:00 kernel: [45580.988744] 315957 pages shared
2016-09-14T19:13:12.274017-04:00 kernel: [45580.988752] 0 pages swap cached
2016-09-14T19:13:14.492667-04:00 kernel: [45583.208033] uap0: QUEUE_CMD: cmd=0xb0 is queued
2016-09-14T19:13:14.492768-04:00 kernel: [45583.208120] uap0: DNLD_CMD (1473894794.491486): 0xb0, act 0x0, len 10, seqno 0x10e1
2016-09-14T19:13:14.503794-04:00 kernel: [45583.210635] uap0: CMD_RESP (1473894794.494004): 0x80b0, result 0, len 520, seqno 0x10e1
2016-09-14T19:13:14.503911-04:00 kernel: [45583.212514] uap0: QUEUE_CMD: cmd=0x5b is queued
2016-09-14T19:13:14.503938-04:00 kernel: [45583.212581] uap0: DNLD_CMD (1473894794.495949): 0x5b, act 0x0, len 10, seqno 0x10e2
2016-09-14T19:13:14.504055-04:00 kernel: [45583.213095] uap0: CMD_RESP (1473894794.496465): 0x805b, result 0, len 20, seqno 0x10e2
2016-09-14T19:13:14.504075-04:00 kernel: [45583.213284] uap0: QUEUE_CMD: cmd=0x16 is queued
2016-09-14T19:13:14.504097-04:00 kernel: [45583.213328] uap0: DNLD_CMD (1473894794.496698): 0x16, act 0x0, len 15, seqno 0x10e3
2016-09-14T19:13:14.504200-04:00 kernel: [45583.213752] uap0: CMD_RESP (1473894794.497122): 0x8016, result 0, len 15, seqno 0x10e3
2016-09-14T19:13:14.504220-04:00 kernel: [45583.213937] uap0: QUEUE_CMD: cmd=0xb0 is queued
2016-09-14T19:13:14.504242-04:00 kernel: [45583.213977] uap0: DNLD_CMD (1473894794.497347): 0xb0, act 0x0, len 16, seqno 0x10e4
2016-09-14T19:13:14.504365-04:00 kernel: [45583.214444] uap0: CMD_RESP (1473894794.497815): 0x80b0, result 0, len 28, seqno 0x10e4
2016-09-14T19:13:14.504385-04:00 kernel: [45583.214575] uap0: QUEUE_CMD: cmd=0xb0 is queued
2016-09-14T19:13:14.504407-04:00 kernel: [45583.214609] uap0: DNLD_CMD (1473894794.497979): 0xb0, act 0x0, len 16, seqno 0x10e5
2016-09-14T19:13:14.504877-04:00 kernel: [45583.215089] uap0: CMD_RESP (1473894794.498460): 0x80b0, result 0, len 38, seqno 0x10e5
2016-09-14T19:13:14.504897-04:00 kernel: [45583.215186] uap0: QUEUE_CMD: cmd=0xb0 is queued
2016-09-14T19:13:14.504919-04:00 kernel: [45583.215217] uap0: DNLD_CMD (1473894794.498587): 0xb0, act 0x0, len 16, seqno 0x10e6
2016-09-14T19:13:14.505060-04:00 kernel: [45583.215692] uap0: CMD_RESP (1473894794.499062): 0x80b0, result 0, len 38, seqno 0x10e6
2016-09-14T19:13:14.505080-04:00 kernel: [45583.215773] uap0: QUEUE_CMD: cmd=0xb0 is queued
2016-09-14T19:13:14.505102-04:00 kernel: [45583.215802] uap0: DNLD_CMD (1473894794.499172): 0xb0, act 0x0, len 16, seqno 0x10e7
2016-09-14T19:13:14.505242-04:00 kernel: [45583.216286] uap0: CMD_RESP (1473894794.499657): 0x80b0, result 0, len 38, seqno 0x10e7
2016-09-14T19:13:14.505262-04:00 kernel: [45583.216389] uap0: QUEUE_CMD: cmd=0xb0 is queued
2016-09-14T19:13:14.505284-04:00 kernel: [45583.216418] uap0: DNLD_CMD (1473894794.499788): 0xb0, act 0x0, len 16, seqno 0x10e8
2016-09-14T19:13:14.505421-04:00 kernel: [45583.216893] uap0: CMD_RESP (1473894794.500263): 0x80b0, result 0, len 38, seqno 0x10e8
2016-09-14T19:13:14.505444-04:00 kernel: [45583.216977] uap0: QUEUE_CMD: cmd=0xb0 is queued
2016-09-14T19:13:14.505467-04:00 kernel: [45583.217004] uap0: DNLD_CMD (1473894794.500375): 0xb0, act 0x0, len 16, seqno 0x10e9
2016-09-14T19:13:14.505604-04:00 kernel: [45583.217476] uap0: CMD_RESP (1473894794.500846): 0x80b0, result 0, len 38, seqno 0x10e9
2016-09-14T19:13:14.505624-04:00 kernel: [45583.217555] uap0: QUEUE_CMD: cmd=0xb0 is queued
2016-09-14T19:13:14.505649-04:00 kernel: [45583.217583] uap0: DNLD_CMD (1473894794.500953): 0xb0, act 0x0, len 16, seqno 0x10ea
2016-09-14T19:13:14.505787-04:00 kernel: [45583.218055] uap0: CMD_RESP (1473894794.501426): 0x80b0, result 0, len 38, seqno 0x10ea
2016-09-14T19:13:14.505806-04:00 kernel: [45583.218139] uap0: QUEUE_CMD: cmd=0xb0 is queued
2016-09-14T19:13:14.505831-04:00 kernel: [45583.218168] uap0: DNLD_CMD (1473894794.501539): 0xb0, act 0x0, len 16, seqno 0x10eb
2016-09-14T19:13:14.505969-04:00 kernel: [45583.218865] uap0: CMD_RESP (1473894794.502235): 0x80b0, result 0, len 38, seqno 0x10eb
2016-09-14T19:13:14.512857-04:00 kernel: [45583.223626] uap0: QUEUE_CMD: cmd=0xb0 is queued
2016-09-14T19:13:14.512935-04:00 kernel: [45583.223689] uap0: DNLD_CMD (1473894794.507058): 0xb0, act 0x0, len 16, seqno 0x10ec
2016-09-14T19:13:14.513096-04:00 kernel: [45583.224269] uap0: CMD_RESP (1473894794.507639): 0x80b0, result 0, len 38, seqno 0x10ec
2016-09-14T19:13:14.513117-04:00 kernel: [45583.224380] uap0: QUEUE_CMD: cmd=0xb0 is queued
2016-09-14T19:13:14.513246-04:00 kernel: [45583.224415] uap0: DNLD_CMD (1473894794.507784): 0xb0, act 0x0, len 16, seqno 0x10ed
2016-09-14T19:13:14.513394-04:00 kernel: [45583.224898] uap0: CMD_RESP (1473894794.508268): 0x80b0, result 0, len 38, seqno 0x10ed
2016-09-14T19:13:14.513415-04:00 kernel: [45583.224990] uap0: QUEUE_CMD: cmd=0xb0 is queued
2016-09-14T19:13:14.513437-04:00 kernel: [45583.225019] uap0: DNLD_CMD (1473894794.508389): 0xb0, act 0x0, len 16, seqno 0x10ee
2016-09-14T19:13:14.513582-04:00 kernel: [45583.225682] uap0: CMD_RESP (1473894794.509052): 0x80b0, result 0, len 38, seqno 0x10ee
2016-09-14T19:13:14.513602-04:00 kernel: [45583.226862] PS Command: action = 0x0, bitmap = 0x300
2016-09-14T19:13:14.513621-04:00 kernel: [45583.226882] uap0: QUEUE_CMD: cmd=0xe4 is queued
2016-09-14T19:13:14.513644-04:00 kernel: [45583.226935] uap0: DNLD_CMD (1473894794.510303): 0xe4, act 0x0, len 12, seqno 0x10ef
2016-09-14T19:13:14.513828-04:00 kernel: [45583.227694] uap0: CMD_RESP (1473894794.511064): 0x80e4, result 0, len 68, seqno 0x10ef
2016-09-14T19:13:14.513846-04:00 kernel: [45583.227717] ps_bitmap=0x10
2016-09-14T19:13:17.438218-04:00 kernel: [45586.142970] Mem-info:
2016-09-14T19:13:17.438241-04:00 kernel: [45586.142984] Normal per-cpu:
2016-09-14T19:13:17.438261-04:00 kernel: [45586.142998] CPU    0: hi:   90, btch:  15 usd:  53
2016-09-14T19:13:17.438282-04:00 kernel: [45586.143027] active_anon:7406 inactive_anon:20 isolated_anon:0
2016-09-14T19:13:17.438304-04:00 kernel: [45586.143027]  active_file:4407 inactive_file:43503 isolated_file:0
2016-09-14T19:13:17.438325-04:00 kernel: [45586.143027]  unevictable:422 dirty:2292 writeback:0 unstable:0
2016-09-14T19:13:17.438353-04:00 kernel: [45586.143027]  free:1106 slab_reclaimable:3768 slab_unreclaimable:1089
2016-09-14T19:13:17.438374-04:00 kernel: [45586.143027]  mapped:2131 shmem:43 pagetables:253 bounce:0
2016-09-14T19:13:17.438393-04:00 kernel: [45586.143027]  free_cma:331
2016-09-14T19:13:17.438439-04:00 kernel: [45586.143088] Normal free:4424kB min:2004kB low:2504kB high:3004kB active_anon:29624kB inactive_anon:80kB active_file:17628kB inactive_file:174012kB unevictable:1688kB isolated(anon):0kB isolated(file):0kB present:260096kB managed:251496kB mlocked:1688kB dirty:9168kB writeback:0kB mapped:8524kB shmem:172kB slab_reclaimable:15072kB slab_unreclaimable:4356kB kernel_stack:1168kB pagetables:1012kB unstable:0kB bounce:0kB free_cma:1324kB writeback_tmp:0kB pages_scanned:0 all_unreclaimable? no
2016-09-14T19:13:17.438461-04:00 kernel: [45586.143099] lowmem_reserve[]: 0 0 0
2016-09-14T19:13:17.438487-04:00 kernel: [45586.143114] Normal: 418*4kB (URC) 2*8kB (R) 45*16kB (R) 49*32kB (R) 7*64kB (R) 0*128kB 0*256kB 0*512kB 0*1024kB 0*2048kB 0*4096kB 0*8192kB = 4424kB
2016-09-14T19:13:17.438508-04:00 kernel: [45586.143170] 48297 total pagecache pages
2016-09-14T19:13:17.438526-04:00 kernel: [45586.143185] 0 pages in swap cache
2016-09-14T19:13:17.438551-04:00 kernel: [45586.143195] Swap cache stats: add 0, delete 0, find 0/0
2016-09-14T19:13:17.438570-04:00 kernel: [45586.143203] Free swap  = 0kB
2016-09-14T19:13:17.438589-04:00 kernel: [45586.143210] Total swap = 0kB
2016-09-14T19:13:17.438607-04:00 kernel: [45586.154238] 65536 pages of RAM
2016-09-14T19:13:17.438625-04:00 kernel: [45586.154248] 1446 free pages
2016-09-14T19:13:17.438644-04:00 kernel: [45586.154255] 2662 reserved pages
2016-09-14T19:13:17.438662-04:00 kernel: [45586.154263] 4857 slab pages
2016-09-14T19:13:17.438681-04:00 kernel: [45586.154270] 314567 pages shared
2016-09-14T19:13:17.438700-04:00 kernel: [45586.154277] 0 pages swap cached
2016-09-14T19:13:22.630535-04:00 kernel: [45591.334680] Mem-info:
2016-09-14T19:13:22.630557-04:00 kernel: [45591.334694] Normal per-cpu:
2016-09-14T19:13:22.630577-04:00 kernel: [45591.334709] CPU    0: hi:   90, btch:  15 usd:  30
2016-09-14T19:13:22.630598-04:00 kernel: [45591.334737] active_anon:7418 inactive_anon:20 isolated_anon:0
2016-09-14T19:13:22.630620-04:00 kernel: [45591.334737]  active_file:6703 inactive_file:41488 isolated_file:0
2016-09-14T19:13:22.630640-04:00 kernel: [45591.334737]  unevictable:422 dirty:4586 writeback:0 unstable:0
2016-09-14T19:13:22.630661-04:00 kernel: [45591.334737]  free:834 slab_reclaimable:3767 slab_unreclaimable:1078
2016-09-14T19:13:22.630681-04:00 kernel: [45591.334737]  mapped:2130 shmem:43 pagetables:255 bounce:0
2016-09-14T19:13:22.630700-04:00 kernel: [45591.334737]  free_cma:0
2016-09-14T19:13:22.630745-04:00 kernel: [45591.334798] Normal free:3336kB min:2004kB low:2504kB high:3004kB active_anon:29672kB inactive_anon:80kB active_file:26812kB inactive_file:165952kB unevictable:1688kB isolated(anon):0kB isolated(file):0kB present:260096kB managed:251496kB mlocked:1688kB dirty:18344kB writeback:0kB mapped:8520kB shmem:172kB slab_reclaimable:15068kB slab_unreclaimable:4312kB kernel_stack:1168kB pagetables:1020kB unstable:0kB bounce:0kB free_cma:0kB writeback_tmp:0kB pages_scanned:0 all_unreclaimable? no
2016-09-14T19:13:22.630767-04:00 kernel: [45591.334809] lowmem_reserve[]: 0 0 0
2016-09-14T19:13:22.630792-04:00 kernel: [45591.334824] Normal: 224*4kB (UR) 3*8kB (R) 27*16kB (R) 48*32kB (R) 7*64kB (R) 0*128kB 0*256kB 0*512kB 0*1024kB 0*2048kB 0*4096kB 0*8192kB = 3336kB
2016-09-14T19:13:22.630812-04:00 kernel: [45591.334880] 48578 total pagecache pages
2016-09-14T19:13:22.630831-04:00 kernel: [45591.334896] 0 pages in swap cache
2016-09-14T19:13:22.630851-04:00 kernel: [45591.334906] Swap cache stats: add 0, delete 0, find 0/0
2016-09-14T19:13:22.630869-04:00 kernel: [45591.334914] Free swap  = 0kB
2016-09-14T19:13:22.630888-04:00 kernel: [45591.334921] Total swap = 0kB
2016-09-14T19:13:22.630907-04:00 kernel: [45591.345942] 65536 pages of RAM
2016-09-14T19:13:22.630925-04:00 kernel: [45591.345953] 1154 free pages
2016-09-14T19:13:22.630943-04:00 kernel: [45591.345960] 2662 reserved pages
2016-09-14T19:13:22.630961-04:00 kernel: [45591.345968] 4845 slab pages
2016-09-14T19:13:22.630980-04:00 kernel: [45591.345975] 314093 pages shared
2016-09-14T19:13:22.630998-04:00 kernel: [45591.345983] 0 pages swap cached
2016-09-14T19:13:28.360528-04:00 kernel: [45597.065310] Mem-info:
2016-09-14T19:13:28.360551-04:00 kernel: [45597.065324] Normal per-cpu:
2016-09-14T19:13:28.360572-04:00 kernel: [45597.065338] CPU    0: hi:   90, btch:  15 usd:  75
2016-09-14T19:13:28.360593-04:00 kernel: [45597.065367] active_anon:7391 inactive_anon:20 isolated_anon:0
2016-09-14T19:13:28.360615-04:00 kernel: [45597.065367]  active_file:8228 inactive_file:39875 isolated_file:0
2016-09-14T19:13:28.360636-04:00 kernel: [45597.065367]  unevictable:422 dirty:2433 writeback:3081 unstable:0
2016-09-14T19:13:28.360656-04:00 kernel: [45597.065367]  free:787 slab_reclaimable:3764 slab_unreclaimable:1222
2016-09-14T19:13:28.360676-04:00 kernel: [45597.065367]  mapped:2130 shmem:43 pagetables:249 bounce:0
2016-09-14T19:13:28.360695-04:00 kernel: [45597.065367]  free_cma:0
2016-09-14T19:13:28.360740-04:00 kernel: [45597.065429] Normal free:3148kB min:2004kB low:2504kB high:3004kB active_anon:29564kB inactive_anon:80kB active_file:32912kB inactive_file:159500kB unevictable:1688kB isolated(anon):0kB isolated(file):0kB present:260096kB managed:251496kB mlocked:1688kB dirty:9732kB writeback:12324kB mapped:8520kB shmem:172kB slab_reclaimable:15056kB slab_unreclaimable:4888kB kernel_stack:1160kB pagetables:996kB unstable:0kB bounce:0kB free_cma:0kB writeback_tmp:0kB pages_scanned:0 all_unreclaimable? no
2016-09-14T19:13:28.360762-04:00 kernel: [45597.065440] lowmem_reserve[]: 0 0 0
2016-09-14T19:13:28.360787-04:00 kernel: [45597.065454] Normal: 303*4kB (UM) 4*8kB (R) 5*16kB (R) 43*32kB (R) 7*64kB (R) 0*128kB 0*256kB 0*512kB 0*1024kB 0*2048kB 0*4096kB 0*8192kB = 3148kB
2016-09-14T19:13:28.360807-04:00 kernel: [45597.065511] 48490 total pagecache pages
2016-09-14T19:13:28.360826-04:00 kernel: [45597.065527] 0 pages in swap cache
2016-09-14T19:13:28.360846-04:00 kernel: [45597.065537] Swap cache stats: add 0, delete 0, find 0/0
2016-09-14T19:13:28.360865-04:00 kernel: [45597.065545] Free swap  = 0kB
2016-09-14T19:13:28.360883-04:00 kernel: [45597.065552] Total swap = 0kB
2016-09-14T19:13:28.360902-04:00 kernel: [45597.076561] 65536 pages of RAM
2016-09-14T19:13:28.360920-04:00 kernel: [45597.076571] 1145 free pages
2016-09-14T19:13:28.360938-04:00 kernel: [45597.076578] 2662 reserved pages
2016-09-14T19:13:28.360957-04:00 kernel: [45597.076585] 4986 slab pages
2016-09-14T19:13:28.360975-04:00 kernel: [45597.076592] 313529 pages shared
2016-09-14T19:13:28.360994-04:00 kernel: [45597.076600] 0 pages swap cached
2016-09-14T19:13:33.509785-04:00 kernel: [45602.213832] Mem-info:
2016-09-14T19:13:33.509809-04:00 kernel: [45602.213846] Normal per-cpu:
2016-09-14T19:13:33.509830-04:00 kernel: [45602.213860] CPU    0: hi:   90, btch:  15 usd:  82
2016-09-14T19:13:33.509851-04:00 kernel: [45602.213889] active_anon:7392 inactive_anon:20 isolated_anon:0
2016-09-14T19:13:33.509872-04:00 kernel: [45602.213889]  active_file:9855 inactive_file:38285 isolated_file:0
2016-09-14T19:13:33.509893-04:00 kernel: [45602.213889]  unevictable:422 dirty:1531 writeback:3200 unstable:0
2016-09-14T19:13:33.509914-04:00 kernel: [45602.213889]  free:816 slab_reclaimable:3756 slab_unreclaimable:1142
2016-09-14T19:13:33.509934-04:00 kernel: [45602.213889]  mapped:2130 shmem:43 pagetables:253 bounce:0
2016-09-14T19:13:33.509953-04:00 kernel: [45602.213889]  free_cma:3
2016-09-14T19:13:33.509999-04:00 kernel: [45602.213951] Normal free:3264kB min:2004kB low:2504kB high:3004kB active_anon:29568kB inactive_anon:80kB active_file:39420kB inactive_file:153140kB unevictable:1688kB isolated(anon):0kB isolated(file):0kB present:260096kB managed:251496kB mlocked:1688kB dirty:6124kB writeback:12800kB mapped:8520kB shmem:172kB slab_reclaimable:15024kB slab_unreclaimable:4568kB kernel_stack:1168kB pagetables:1012kB unstable:0kB bounce:0kB free_cma:12kB writeback_tmp:0kB pages_scanned:0 all_unreclaimable? no
2016-09-14T19:13:33.510021-04:00 kernel: [45602.213962] lowmem_reserve[]: 0 0 0
2016-09-14T19:13:33.510047-04:00 kernel: [45602.213976] Normal: 276*4kB (UMRC) 2*8kB (R) 14*16kB (R) 46*32kB (R) 7*64kB (R) 0*128kB 0*256kB 0*512kB 0*1024kB 0*2048kB 0*4096kB 0*8192kB = 3264kB
2016-09-14T19:13:33.510068-04:00 kernel: [45602.214032] 48527 total pagecache pages
2016-09-14T19:13:33.510086-04:00 kernel: [45602.214048] 0 pages in swap cache
2016-09-14T19:13:33.510106-04:00 kernel: [45602.214058] Swap cache stats: add 0, delete 0, find 0/0
2016-09-14T19:13:33.510125-04:00 kernel: [45602.214065] Free swap  = 0kB
2016-09-14T19:13:33.510143-04:00 kernel: [45602.214072] Total swap = 0kB
2016-09-14T19:13:33.510161-04:00 kernel: [45602.225091] 65536 pages of RAM
2016-09-14T19:13:33.510179-04:00 kernel: [45602.225102] 1188 free pages
2016-09-14T19:13:33.510198-04:00 kernel: [45602.225109] 2662 reserved pages
2016-09-14T19:13:33.510216-04:00 kernel: [45602.225116] 4898 slab pages
2016-09-14T19:13:33.510235-04:00 kernel: [45602.225123] 313850 pages shared
2016-09-14T19:13:33.510254-04:00 kernel: [45602.225131] 0 pages swap cached
2016-09-14T19:13:38.663788-04:00 kernel: [45607.368624] Mem-info:
2016-09-14T19:13:38.663812-04:00 kernel: [45607.368638] Normal per-cpu:
2016-09-14T19:13:38.663833-04:00 kernel: [45607.368652] CPU    0: hi:   90, btch:  15 usd:  28
2016-09-14T19:13:38.663854-04:00 kernel: [45607.368682] active_anon:7391 inactive_anon:20 isolated_anon:0
2016-09-14T19:13:38.663876-04:00 kernel: [45607.368682]  active_file:11758 inactive_file:36491 isolated_file:0
2016-09-14T19:13:38.663896-04:00 kernel: [45607.368682]  unevictable:422 dirty:3443 writeback:0 unstable:0
2016-09-14T19:13:38.663917-04:00 kernel: [45607.368682]  free:807 slab_reclaimable:3751 slab_unreclaimable:1115
2016-09-14T19:13:38.663937-04:00 kernel: [45607.368682]  mapped:2126 shmem:43 pagetables:250 bounce:0
2016-09-14T19:13:38.663955-04:00 kernel: [45607.368682]  free_cma:30
2016-09-14T19:13:38.664001-04:00 kernel: [45607.368743] Normal free:3228kB min:2004kB low:2504kB high:3004kB active_anon:29564kB inactive_anon:80kB active_file:47032kB inactive_file:145964kB unevictable:1688kB isolated(anon):0kB isolated(file):0kB present:260096kB managed:251496kB mlocked:1688kB dirty:13772kB writeback:0kB mapped:8504kB shmem:172kB slab_reclaimable:15004kB slab_unreclaimable:4460kB kernel_stack:1160kB pagetables:1000kB unstable:0kB bounce:0kB free_cma:120kB writeback_tmp:0kB pages_scanned:0 all_unreclaimable? no
2016-09-14T19:13:38.664023-04:00 kernel: [45607.368754] lowmem_reserve[]: 0 0 0
2016-09-14T19:13:38.664048-04:00 kernel: [45607.368769] Normal: 195*4kB (UC) 2*8kB (R) 32*16kB (R) 46*32kB (R) 7*64kB (R) 0*128kB 0*256kB 0*512kB 0*1024kB 0*2048kB 0*4096kB 0*8192kB = 3228kB
2016-09-14T19:13:38.664068-04:00 kernel: [45607.368825] 48636 total pagecache pages
2016-09-14T19:13:38.664087-04:00 kernel: [45607.368841] 0 pages in swap cache
2016-09-14T19:13:38.664107-04:00 kernel: [45607.368851] Swap cache stats: add 0, delete 0, find 0/0
2016-09-14T19:13:38.664125-04:00 kernel: [45607.368859] Free swap  = 0kB
2016-09-14T19:13:38.664144-04:00 kernel: [45607.368865] Total swap = 0kB
2016-09-14T19:13:38.664162-04:00 kernel: [45607.379882] 65536 pages of RAM
2016-09-14T19:13:38.664180-04:00 kernel: [45607.379893] 1118 free pages
2016-09-14T19:13:38.664198-04:00 kernel: [45607.379900] 2662 reserved pages
2016-09-14T19:13:38.664217-04:00 kernel: [45607.379907] 4866 slab pages
2016-09-14T19:13:38.664236-04:00 kernel: [45607.379915] 313759 pages shared
2016-09-14T19:13:38.664254-04:00 kernel: [45607.379922] 0 pages swap cached
2016-09-14T19:13:43.865939-04:00 kernel: [45612.570627] Mem-info:
2016-09-14T19:13:43.865960-04:00 kernel: [45612.570642] Normal per-cpu:
2016-09-14T19:13:43.865981-04:00 kernel: [45612.570656] CPU    0: hi:   90, btch:  15 usd:  77
2016-09-14T19:13:43.866002-04:00 kernel: [45612.570685] active_anon:7392 inactive_anon:20 isolated_anon:0
2016-09-14T19:13:43.866023-04:00 kernel: [45612.570685]  active_file:13366 inactive_file:34829 isolated_file:0
2016-09-14T19:13:43.866044-04:00 kernel: [45612.570685]  unevictable:422 dirty:34 writeback:4953 unstable:0
2016-09-14T19:13:43.866065-04:00 kernel: [45612.570685]  free:801 slab_reclaimable:3751 slab_unreclaimable:1123
2016-09-14T19:13:43.866085-04:00 kernel: [45612.570685]  mapped:2126 shmem:43 pagetables:251 bounce:0
2016-09-14T19:13:43.866103-04:00 kernel: [45612.570685]  free_cma:0
2016-09-14T19:13:43.866149-04:00 kernel: [45612.570747] Normal free:3204kB min:2004kB low:2504kB high:3004kB active_anon:29568kB inactive_anon:80kB active_file:53464kB inactive_file:139316kB unevictable:1688kB isolated(anon):0kB isolated(file):0kB present:260096kB managed:251496kB mlocked:1688kB dirty:136kB writeback:19812kB mapped:8504kB shmem:172kB slab_reclaimable:15004kB slab_unreclaimable:4492kB kernel_stack:1160kB pagetables:1004kB unstable:0kB bounce:0kB free_cma:0kB writeback_tmp:0kB pages_scanned:0 all_unreclaimable? no
2016-09-14T19:13:43.866171-04:00 kernel: [45612.570758] lowmem_reserve[]: 0 0 0
2016-09-14T19:13:43.866196-04:00 kernel: [45612.570772] Normal: 205*4kB (UMR) 0*8kB 29*16kB (R) 46*32kB (R) 7*64kB (R) 0*128kB 0*256kB 0*512kB 0*1024kB 0*2048kB 0*4096kB 0*8192kB = 3204kB
2016-09-14T19:13:43.866216-04:00 kernel: [45612.570826] 48582 total pagecache pages
2016-09-14T19:13:43.866235-04:00 kernel: [45612.570842] 0 pages in swap cache
2016-09-14T19:13:43.866255-04:00 kernel: [45612.570852] Swap cache stats: add 0, delete 0, find 0/0
2016-09-14T19:13:43.866273-04:00 kernel: [45612.570859] Free swap  = 0kB
2016-09-14T19:13:43.866292-04:00 kernel: [45612.570866] Total swap = 0kB
2016-09-14T19:13:43.866310-04:00 kernel: [45612.581893] 65536 pages of RAM
2016-09-14T19:13:43.866328-04:00 kernel: [45612.581905] 1161 free pages
2016-09-14T19:13:43.866347-04:00 kernel: [45612.581912] 2662 reserved pages
2016-09-14T19:13:43.866365-04:00 kernel: [45612.581919] 4874 slab pages
2016-09-14T19:13:43.866383-04:00 kernel: [45612.581926] 314920 pages shared
2016-09-14T19:13:43.866402-04:00 kernel: [45612.581933] 0 pages swap cached
2016-09-14T19:13:49.036457-04:00 kernel: [45617.740524] Mem-info:
2016-09-14T19:13:49.036481-04:00 kernel: [45617.740538] Normal per-cpu:
2016-09-14T19:13:49.036501-04:00 kernel: [45617.740552] CPU    0: hi:   90, btch:  15 usd:  76
2016-09-14T19:13:49.036523-04:00 kernel: [45617.740580] active_anon:7389 inactive_anon:20 isolated_anon:0
2016-09-14T19:13:49.036546-04:00 kernel: [45617.740580]  active_file:13515 inactive_file:34642 isolated_file:0
2016-09-14T19:13:49.036566-04:00 kernel: [45617.740580]  unevictable:422 dirty:2335 writeback:982 unstable:0
2016-09-14T19:13:49.036587-04:00 kernel: [45617.740580]  free:844 slab_reclaimable:3751 slab_unreclaimable:1123
2016-09-14T19:13:49.036607-04:00 kernel: [45617.740580]  mapped:2130 shmem:43 pagetables:251 bounce:0
2016-09-14T19:13:49.036625-04:00 kernel: [45617.740580]  free_cma:0
2016-09-14T19:13:49.036671-04:00 kernel: [45617.740642] Normal free:3376kB min:2004kB low:2504kB high:3004kB active_anon:29556kB inactive_anon:80kB active_file:54060kB inactive_file:138568kB unevictable:1688kB isolated(anon):0kB isolated(file):0kB present:260096kB managed:251496kB mlocked:1688kB dirty:9340kB writeback:3928kB mapped:8520kB shmem:172kB slab_reclaimable:15004kB slab_unreclaimable:4492kB kernel_stack:1160kB pagetables:1004kB unstable:0kB bounce:0kB free_cma:0kB writeback_tmp:0kB pages_scanned:0 all_unreclaimable? no
2016-09-14T19:13:49.036693-04:00 kernel: [45617.740654] lowmem_reserve[]: 0 0 0
2016-09-14T19:13:49.036719-04:00 kernel: [45617.740668] Normal: 168*4kB (UEMR) 32*8kB (UMR) 33*16kB (R) 46*32kB (R) 7*64kB (R) 0*128kB 0*256kB 0*512kB 0*1024kB 0*2048kB 0*4096kB 0*8192kB = 3376kB
2016-09-14T19:13:49.036739-04:00 kernel: [45617.740725] 48544 total pagecache pages
2016-09-14T19:13:49.036758-04:00 kernel: [45617.740741] 0 pages in swap cache
2016-09-14T19:13:49.036778-04:00 kernel: [45617.740750] Swap cache stats: add 0, delete 0, find 0/0
2016-09-14T19:13:49.036796-04:00 kernel: [45617.740759] Free swap  = 0kB
2016-09-14T19:13:49.036814-04:00 kernel: [45617.740765] Total swap = 0kB
2016-09-14T19:13:49.036833-04:00 kernel: [45617.751774] 65536 pages of RAM
2016-09-14T19:13:49.036851-04:00 kernel: [45617.751785] 1203 free pages
2016-09-14T19:13:49.036870-04:00 kernel: [45617.751792] 2662 reserved pages
2016-09-14T19:13:49.036888-04:00 kernel: [45617.751799] 4874 slab pages
2016-09-14T19:13:49.036906-04:00 kernel: [45617.751806] 314023 pages shared
2016-09-14T19:13:49.036925-04:00 kernel: [45617.751813] 0 pages swap cached
2016-09-14T19:13:54.185620-04:00 kernel: [45622.890457] Mem-info:
2016-09-14T19:13:54.185644-04:00 kernel: [45622.890472] Normal per-cpu:
2016-09-14T19:13:54.185665-04:00 kernel: [45622.890486] CPU    0: hi:   90, btch:  15 usd:  32
2016-09-14T19:13:54.185687-04:00 kernel: [45622.890513] active_anon:7410 inactive_anon:20 isolated_anon:0
2016-09-14T19:13:54.185708-04:00 kernel: [45622.890513]  active_file:15030 inactive_file:33184 isolated_file:0
2016-09-14T19:13:54.185729-04:00 kernel: [45622.890513]  unevictable:422 dirty:4090 writeback:0 unstable:0
2016-09-14T19:13:54.185749-04:00 kernel: [45622.890513]  free:802 slab_reclaimable:3749 slab_unreclaimable:1106
2016-09-14T19:13:54.185769-04:00 kernel: [45622.890513]  mapped:2135 shmem:43 pagetables:258 bounce:0
2016-09-14T19:13:54.185788-04:00 kernel: [45622.890513]  free_cma:19
2016-09-14T19:13:54.185834-04:00 kernel: [45622.890574] Normal free:3208kB min:2004kB low:2504kB high:3004kB active_anon:29640kB inactive_anon:80kB active_file:60120kB inactive_file:132736kB unevictable:1688kB isolated(anon):0kB isolated(file):0kB present:260096kB managed:251496kB mlocked:1688kB dirty:16360kB writeback:0kB mapped:8540kB shmem:172kB slab_reclaimable:14996kB slab_unreclaimable:4424kB kernel_stack:1176kB pagetables:1032kB unstable:0kB bounce:0kB free_cma:76kB writeback_tmp:0kB pages_scanned:0 all_unreclaimable? no
2016-09-14T19:13:54.185855-04:00 kernel: [45622.890586] lowmem_reserve[]: 0 0 0
2016-09-14T19:13:54.185881-04:00 kernel: [45622.890600] Normal: 316*4kB (UERC) 1*8kB (R) 3*16kB (R) 45*32kB (R) 7*64kB (R) 0*128kB 0*256kB 0*512kB 0*1024kB 0*2048kB 0*4096kB 0*8192kB = 3208kB
2016-09-14T19:13:54.185901-04:00 kernel: [45622.890657] 48601 total pagecache pages
2016-09-14T19:13:54.185920-04:00 kernel: [45622.890673] 0 pages in swap cache
2016-09-14T19:13:54.185940-04:00 kernel: [45622.890683] Swap cache stats: add 0, delete 0, find 0/0
2016-09-14T19:13:54.185958-04:00 kernel: [45622.890691] Free swap  = 0kB
2016-09-14T19:13:54.185977-04:00 kernel: [45622.890698] Total swap = 0kB
2016-09-14T19:13:54.185995-04:00 kernel: [45622.901720] 65536 pages of RAM
2016-09-14T19:13:54.186013-04:00 kernel: [45622.901731] 1125 free pages
2016-09-14T19:13:54.186032-04:00 kernel: [45622.901738] 2662 reserved pages
2016-09-14T19:13:54.186050-04:00 kernel: [45622.901745] 4855 slab pages
2016-09-14T19:13:54.186069-04:00 kernel: [45622.901752] 314749 pages shared
2016-09-14T19:13:54.186087-04:00 kernel: [45622.901760] 0 pages swap cached
2016-09-14T19:13:59.355695-04:00 kernel: [45628.059761] Mem-info:
2016-09-14T19:13:59.355719-04:00 kernel: [45628.059776] Normal per-cpu:
2016-09-14T19:13:59.355740-04:00 kernel: [45628.059789] CPU    0: hi:   90, btch:  15 usd:  31
2016-09-14T19:13:59.355760-04:00 kernel: [45628.059818] active_anon:7389 inactive_anon:20 isolated_anon:0
2016-09-14T19:13:59.355783-04:00 kernel: [45628.059818]  active_file:17128 inactive_file:31127 isolated_file:0
2016-09-14T19:13:59.355803-04:00 kernel: [45628.059818]  unevictable:422 dirty:1326 writeback:2212 unstable:0
2016-09-14T19:13:59.355824-04:00 kernel: [45628.059818]  free:789 slab_reclaimable:3748 slab_unreclaimable:1118
2016-09-14T19:13:59.355845-04:00 kernel: [45628.059818]  mapped:2127 shmem:43 pagetables:251 bounce:0
2016-09-14T19:13:59.355863-04:00 kernel: [45628.059818]  free_cma:1
2016-09-14T19:13:59.355909-04:00 kernel: [45628.059879] Normal free:3156kB min:2004kB low:2504kB high:3004kB active_anon:29556kB inactive_anon:80kB active_file:68512kB inactive_file:124508kB unevictable:1688kB isolated(anon):0kB isolated(file):0kB present:260096kB managed:251496kB mlocked:1688kB dirty:5304kB writeback:8848kB mapped:8508kB shmem:172kB slab_reclaimable:14992kB slab_unreclaimable:4472kB kernel_stack:1168kB pagetables:1004kB unstable:0kB bounce:0kB free_cma:4kB writeback_tmp:0kB pages_scanned:0 all_unreclaimable? no
2016-09-14T19:13:59.355930-04:00 kernel: [45628.059890] lowmem_reserve[]: 0 0 0
2016-09-14T19:13:59.355956-04:00 kernel: [45628.059904] Normal: 189*4kB (URC) 12*8kB (R) 26*16kB (R) 45*32kB (R) 7*64kB (R) 0*128kB 0*256kB 0*512kB 0*1024kB 0*2048kB 0*4096kB 0*8192kB = 3156kB
2016-09-14T19:13:59.355977-04:00 kernel: [45628.059961] 48642 total pagecache pages
2016-09-14T19:13:59.355996-04:00 kernel: [45628.059977] 0 pages in swap cache
2016-09-14T19:13:59.356016-04:00 kernel: [45628.059986] Swap cache stats: add 0, delete 0, find 0/0
2016-09-14T19:13:59.356034-04:00 kernel: [45628.059994] Free swap  = 0kB
2016-09-14T19:13:59.356053-04:00 kernel: [45628.060001] Total swap = 0kB
2016-09-14T19:13:59.356071-04:00 kernel: [45628.071014] 65536 pages of RAM
2016-09-14T19:13:59.356089-04:00 kernel: [45628.071025] 1104 free pages
2016-09-14T19:13:59.356107-04:00 kernel: [45628.071032] 2662 reserved pages
2016-09-14T19:13:59.356126-04:00 kernel: [45628.071039] 4866 slab pages
2016-09-14T19:13:59.356144-04:00 kernel: [45628.071046] 314728 pages shared
2016-09-14T19:13:59.356163-04:00 kernel: [45628.071054] 0 pages swap cached
2016-09-14T19:14:04.502154-04:00 kernel: [45633.206858] Mem-info:
2016-09-14T19:14:04.502177-04:00 kernel: [45633.206872] Normal per-cpu:
2016-09-14T19:14:04.502198-04:00 kernel: [45633.206886] CPU    0: hi:   90, btch:  15 usd:  34
2016-09-14T19:14:04.502219-04:00 kernel: [45633.206914] active_anon:7722 inactive_anon:20 isolated_anon:0
2016-09-14T19:14:04.502240-04:00 kernel: [45633.206914]  active_file:18740 inactive_file:29193 isolated_file:0
2016-09-14T19:14:04.502261-04:00 kernel: [45633.206914]  unevictable:422 dirty:2949 writeback:0 unstable:0
2016-09-14T19:14:04.502282-04:00 kernel: [45633.206914]  free:708 slab_reclaimable:3749 slab_unreclaimable:1107
2016-09-14T19:14:04.502302-04:00 kernel: [45633.206914]  mapped:2280 shmem:43 pagetables:281 bounce:0
2016-09-14T19:14:04.502321-04:00 kernel: [45633.206914]  free_cma:0
2016-09-14T19:14:04.502366-04:00 kernel: [45633.206976] Normal free:2832kB min:2004kB low:2504kB high:3004kB active_anon:30888kB inactive_anon:80kB active_file:74960kB inactive_file:116772kB unevictable:1688kB isolated(anon):0kB isolated(file):0kB present:260096kB managed:251496kB mlocked:1688kB dirty:11796kB writeback:0kB mapped:9120kB shmem:172kB slab_reclaimable:14996kB slab_unreclaimable:4428kB kernel_stack:1240kB pagetables:1124kB unstable:0kB bounce:0kB free_cma:0kB writeback_tmp:0kB pages_scanned:0 all_unreclaimable? no
2016-09-14T19:14:04.502388-04:00 kernel: [45633.206989] lowmem_reserve[]: 0 0 0
2016-09-14T19:14:04.502414-04:00 kernel: [45633.207003] Normal: 106*4kB (UR) 19*8kB (R) 21*16kB (R) 46*32kB (R) 7*64kB (R) 0*128kB 0*256kB 0*512kB 0*1024kB 0*2048kB 0*4096kB 0*8192kB = 2832kB
2016-09-14T19:14:04.502434-04:00 kernel: [45633.207060] 48320 total pagecache pages
2016-09-14T19:14:04.502453-04:00 kernel: [45633.207076] 0 pages in swap cache
2016-09-14T19:14:04.502473-04:00 kernel: [45633.207085] Swap cache stats: add 0, delete 0, find 0/0
2016-09-14T19:14:04.502491-04:00 kernel: [45633.207093] Free swap  = 0kB
2016-09-14T19:14:04.502510-04:00 kernel: [45633.207100] Total swap = 0kB
2016-09-14T19:14:04.507331-04:00 kernel: [45633.218119] 65536 pages of RAM
2016-09-14T19:14:04.507368-04:00 kernel: [45633.218130] 1062 free pages
2016-09-14T19:14:04.507387-04:00 kernel: [45633.218137] 2662 reserved pages
2016-09-14T19:14:04.507405-04:00 kernel: [45633.218144] 4856 slab pages
2016-09-14T19:14:04.507424-04:00 kernel: [45633.218151] 315934 pages shared
2016-09-14T19:14:04.507442-04:00 kernel: [45633.218159] 0 pages swap cached
2016-09-14T19:14:05.632757-04:00 checkChronyTrackingData.sh: Failed to get the INTERNET status from BONJOUR file
2016-09-14T19:14:05.677409-04:00 systemTimeMonitor.sh: Failed to check chrony tracking data
2016-09-14T19:14:09.722798-04:00 kernel: [45638.427377] Mem-info:
2016-09-14T19:14:09.722820-04:00 kernel: [45638.427392] Normal per-cpu:
2016-09-14T19:14:09.722841-04:00 kernel: [45638.427407] CPU    0: hi:   90, btch:  15 usd:  27
2016-09-14T19:14:09.722862-04:00 kernel: [45638.427435] active_anon:7389 inactive_anon:20 isolated_anon:0
2016-09-14T19:14:09.722884-04:00 kernel: [45638.427435]  active_file:20731 inactive_file:27617 isolated_file:0
2016-09-14T19:14:09.722904-04:00 kernel: [45638.427435]  unevictable:422 dirty:76 writeback:4861 unstable:0
2016-09-14T19:14:09.722925-04:00 kernel: [45638.427435]  free:693 slab_reclaimable:3749 slab_unreclaimable:1125
2016-09-14T19:14:09.722945-04:00 kernel: [45638.427435]  mapped:2126 shmem:43 pagetables:250 bounce:0
2016-09-14T19:14:09.722964-04:00 kernel: [45638.427435]  free_cma:0
2016-09-14T19:14:09.723010-04:00 kernel: [45638.427496] Normal free:2772kB min:2004kB low:2504kB high:3004kB active_anon:29556kB inactive_anon:80kB active_file:82924kB inactive_file:110468kB unevictable:1688kB isolated(anon):0kB isolated(file):0kB present:260096kB managed:251496kB mlocked:1688kB dirty:304kB writeback:19444kB mapped:8504kB shmem:172kB slab_reclaimable:14996kB slab_unreclaimable:4500kB kernel_stack:1168kB pagetables:1000kB unstable:0kB bounce:0kB free_cma:0kB writeback_tmp:0kB pages_scanned:0 all_unreclaimable? no
2016-09-14T19:14:09.723032-04:00 kernel: [45638.427509] lowmem_reserve[]: 0 0 0
2016-09-14T19:14:09.723057-04:00 kernel: [45638.427523] Normal: 71*4kB (UR) 17*8kB (R) 27*16kB (R) 46*32kB (R) 7*64kB (R) 0*128kB 0*256kB 0*512kB 0*1024kB 0*2048kB 0*4096kB 0*8192kB = 2772kB
2016-09-14T19:14:09.723077-04:00 kernel: [45638.427578] 48735 total pagecache pages
2016-09-14T19:14:09.723096-04:00 kernel: [45638.427594] 0 pages in swap cache
2016-09-14T19:14:09.723116-04:00 kernel: [45638.427604] Swap cache stats: add 0, delete 0, find 0/0
2016-09-14T19:14:09.723135-04:00 kernel: [45638.427612] Free swap  = 0kB
2016-09-14T19:14:09.723153-04:00 kernel: [45638.427618] Total swap = 0kB
2016-09-14T19:14:09.723172-04:00 kernel: [45638.438642] 65536 pages of RAM
2016-09-14T19:14:09.723190-04:00 kernel: [45638.438653] 1004 free pages
2016-09-14T19:14:09.723208-04:00 kernel: [45638.438659] 2662 reserved pages
2016-09-14T19:14:09.723227-04:00 kernel: [45638.438667] 4874 slab pages
2016-09-14T19:14:09.723245-04:00 kernel: [45638.438674] 315370 pages shared
2016-09-14T19:14:09.723263-04:00 kernel: [45638.438682] 0 pages swap cached
2016-09-14T19:14:14.865180-04:00 kernel: [45643.569836] Mem-info:
2016-09-14T19:14:14.865203-04:00 kernel: [45643.569850] Normal per-cpu:
2016-09-14T19:14:14.865224-04:00 kernel: [45643.569864] CPU    0: hi:   90, btch:  15 usd:  89
2016-09-14T19:14:14.865244-04:00 kernel: [45643.569892] active_anon:7389 inactive_anon:20 isolated_anon:0
2016-09-14T19:14:14.865266-04:00 kernel: [45643.569892]  active_file:22653 inactive_file:25379 isolated_file:0
2016-09-14T19:14:14.865287-04:00 kernel: [45643.569892]  unevictable:422 dirty:2000 writeback:1535 unstable:0
2016-09-14T19:14:14.865307-04:00 kernel: [45643.569892]  free:946 slab_reclaimable:3749 slab_unreclaimable:1126
2016-09-14T19:14:14.865328-04:00 kernel: [45643.569892]  mapped:2148 shmem:43 pagetables:250 bounce:0
2016-09-14T19:14:14.865346-04:00 kernel: [45643.569892]  free_cma:0
2016-09-14T19:14:14.865392-04:00 kernel: [45643.569954] Normal free:3784kB min:2004kB low:2504kB high:3004kB active_anon:29556kB inactive_anon:80kB active_file:90612kB inactive_file:101516kB unevictable:1688kB isolated(anon):0kB isolated(file):0kB present:260096kB managed:251496kB mlocked:1688kB dirty:8000kB writeback:6140kB mapped:8592kB shmem:172kB slab_reclaimable:14996kB slab_unreclaimable:4504kB kernel_stack:1168kB pagetables:1000kB unstable:0kB bounce:0kB free_cma:0kB writeback_tmp:0kB pages_scanned:0 all_unreclaimable? no
2016-09-14T19:14:14.865414-04:00 kernel: [45643.569966] lowmem_reserve[]: 0 0 0
2016-09-14T19:14:14.865490-04:00 kernel: [45643.569980] Normal: 300*4kB (UMR) 29*8kB (UMR) 27*16kB (R) 46*32kB (R) 7*64kB (R) 0*128kB 0*256kB 0*512kB 0*1024kB 0*2048kB 0*4096kB 0*8192kB = 3784kB
2016-09-14T19:14:14.865512-04:00 kernel: [45643.570037] 48419 total pagecache pages
2016-09-14T19:14:14.865531-04:00 kernel: [45643.570053] 0 pages in swap cache
2016-09-14T19:14:14.865552-04:00 kernel: [45643.570062] Swap cache stats: add 0, delete 0, find 0/0
2016-09-14T19:14:14.865570-04:00 kernel: [45643.570070] Free swap  = 0kB
2016-09-14T19:14:14.865589-04:00 kernel: [45643.570077] Total swap = 0kB
2016-09-14T19:14:14.865607-04:00 kernel: [45643.581104] 65536 pages of RAM
2016-09-14T19:14:14.865625-04:00 kernel: [45643.581114] 1319 free pages
2016-09-14T19:14:14.865644-04:00 kernel: [45643.581121] 2662 reserved pages
2016-09-14T19:14:14.865662-04:00 kernel: [45643.581128] 4875 slab pages
2016-09-14T19:14:14.865681-04:00 kernel: [45643.581135] 314699 pages shared
2016-09-14T19:14:14.865700-04:00 kernel: [45643.581143] 0 pages swap cached
2016-09-14T19:14:19.995024-04:00 kernel: [45648.699112] Mem-info:
2016-09-14T19:14:19.995045-04:00 kernel: [45648.699126] Normal per-cpu:
2016-09-14T19:14:19.995065-04:00 kernel: [45648.699140] CPU    0: hi:   90, btch:  15 usd:  33
2016-09-14T19:14:19.995086-04:00 kernel: [45648.699168] active_anon:7406 inactive_anon:20 isolated_anon:0
2016-09-14T19:14:19.995107-04:00 kernel: [45648.699168]  active_file:24086 inactive_file:24226 isolated_file:0
2016-09-14T19:14:19.995128-04:00 kernel: [45648.699168]  unevictable:422 dirty:4039 writeback:0 unstable:0
2016-09-14T19:14:19.995148-04:00 kernel: [45648.699168]  free:734 slab_reclaimable:3746 slab_unreclaimable:1099
2016-09-14T19:14:19.995169-04:00 kernel: [45648.699168]  mapped:2165 shmem:43 pagetables:253 bounce:0
2016-09-14T19:14:19.995187-04:00 kernel: [45648.699168]  free_cma:0
2016-09-14T19:14:19.995232-04:00 kernel: [45648.699230] Normal free:2936kB min:2004kB low:2504kB high:3004kB active_anon:29624kB inactive_anon:80kB active_file:96344kB inactive_file:96904kB unevictable:1688kB isolated(anon):0kB isolated(file):0kB present:260096kB managed:251496kB mlocked:1688kB dirty:16156kB writeback:0kB mapped:8660kB shmem:172kB slab_reclaimable:14984kB slab_unreclaimable:4396kB kernel_stack:1176kB pagetables:1012kB unstable:0kB bounce:0kB free_cma:0kB writeback_tmp:0kB pages_scanned:0 all_unreclaimable? no
2016-09-14T19:14:19.995254-04:00 kernel: [45648.699241] lowmem_reserve[]: 0 0 0
2016-09-14T19:14:19.995279-04:00 kernel: [45648.699256] Normal: 114*4kB (UR) 14*8kB (R) 26*16kB (R) 47*32kB (R) 7*64kB (R) 0*128kB 0*256kB 0*512kB 0*1024kB 0*2048kB 0*4096kB 0*8192kB = 2936kB
2016-09-14T19:14:19.995299-04:00 kernel: [45648.699312] 48699 total pagecache pages
2016-09-14T19:14:19.995318-04:00 kernel: [45648.699328] 0 pages in swap cache
2016-09-14T19:14:19.995338-04:00 kernel: [45648.699338] Swap cache stats: add 0, delete 0, find 0/0
2016-09-14T19:14:19.995357-04:00 kernel: [45648.699345] Free swap  = 0kB
2016-09-14T19:14:19.995375-04:00 kernel: [45648.699352] Total swap = 0kB
2016-09-14T19:14:19.995393-04:00 kernel: [45648.710375] 65536 pages of RAM
2016-09-14T19:14:19.995411-04:00 kernel: [45648.710386] 1055 free pages
2016-09-14T19:14:19.995430-04:00 kernel: [45648.710393] 2662 reserved pages
2016-09-14T19:14:19.995448-04:00 kernel: [45648.710400] 4845 slab pages
2016-09-14T19:14:19.995467-04:00 kernel: [45648.710407] 315491 pages shared
2016-09-14T19:14:19.995485-04:00 kernel: [45648.710415] 0 pages swap cached
2016-09-14T19:14:25.178286-04:00 kernel: [45653.882892] Mem-info:
2016-09-14T19:14:25.178309-04:00 kernel: [45653.882906] Normal per-cpu:
2016-09-14T19:14:25.178330-04:00 kernel: [45653.882922] CPU    0: hi:   90, btch:  15 usd:  76
2016-09-14T19:14:25.178351-04:00 kernel: [45653.882949] active_anon:7406 inactive_anon:20 isolated_anon:0
2016-09-14T19:14:25.178372-04:00 kernel: [45653.882949]  active_file:24062 inactive_file:24088 isolated_file:0
2016-09-14T19:14:25.178394-04:00 kernel: [45653.882949]  unevictable:422 dirty:782 writeback:3325 unstable:0
2016-09-14T19:14:25.178414-04:00 kernel: [45653.882949]  free:838 slab_reclaimable:3745 slab_unreclaimable:1116
2016-09-14T19:14:25.178434-04:00 kernel: [45653.882949]  mapped:2101 shmem:43 pagetables:252 bounce:0
2016-09-14T19:14:25.178453-04:00 kernel: [45653.882949]  free_cma:0
2016-09-14T19:14:25.178499-04:00 kernel: [45653.883011] Normal free:3352kB min:2004kB low:2504kB high:3004kB active_anon:29624kB inactive_anon:80kB active_file:96248kB inactive_file:96352kB unevictable:1688kB isolated(anon):0kB isolated(file):0kB present:260096kB managed:251496kB mlocked:1688kB dirty:3128kB writeback:13300kB mapped:8404kB shmem:172kB slab_reclaimable:14980kB slab_unreclaimable:4464kB kernel_stack:1176kB pagetables:1008kB unstable:0kB bounce:0kB free_cma:0kB writeback_tmp:0kB pages_scanned:0 all_unreclaimable? no
2016-09-14T19:14:25.178521-04:00 kernel: [45653.883024] lowmem_reserve[]: 0 0 0
2016-09-14T19:14:25.178547-04:00 kernel: [45653.883038] Normal: 220*4kB (UMR) 13*8kB (UR) 26*16kB (R) 47*32kB (R) 7*64kB (R) 0*128kB 0*256kB 0*512kB 0*1024kB 0*2048kB 0*4096kB 0*8192kB = 3352kB
2016-09-14T19:14:25.178567-04:00 kernel: [45653.883095] 48537 total pagecache pages
2016-09-14T19:14:25.178586-04:00 kernel: [45653.883110] 0 pages in swap cache
2016-09-14T19:14:25.178606-04:00 kernel: [45653.883120] Swap cache stats: add 0, delete 0, find 0/0
2016-09-14T19:14:25.178624-04:00 kernel: [45653.883128] Free swap  = 0kB
2016-09-14T19:14:25.178643-04:00 kernel: [45653.883135] Total swap = 0kB
2016-09-14T19:14:25.178661-04:00 kernel: [45653.894151] 65536 pages of RAM
2016-09-14T19:14:25.178679-04:00 kernel: [45653.894162] 1202 free pages
2016-09-14T19:14:25.178698-04:00 kernel: [45653.894169] 2662 reserved pages
2016-09-14T19:14:25.178716-04:00 kernel: [45653.894176] 4861 slab pages
2016-09-14T19:14:25.178735-04:00 kernel: [45653.894183] 316003 pages shared
2016-09-14T19:14:25.178754-04:00 kernel: [45653.894191] 0 pages swap cached
2016-09-14T19:14:30.316769-04:00 kernel: [45659.020837] Mem-info:
2016-09-14T19:14:30.316793-04:00 kernel: [45659.020852] Normal per-cpu:
2016-09-14T19:14:30.316869-04:00 kernel: [45659.020865] CPU    0: hi:   90, btch:  15 usd:  40
2016-09-14T19:14:30.316891-04:00 kernel: [45659.020894] active_anon:7406 inactive_anon:20 isolated_anon:0
2016-09-14T19:14:30.316914-04:00 kernel: [45659.020894]  active_file:24067 inactive_file:24134 isolated_file:0
2016-09-14T19:14:30.316935-04:00 kernel: [45659.020894]  unevictable:422 dirty:2871 writeback:0 unstable:0
2016-09-14T19:14:30.316955-04:00 kernel: [45659.020894]  free:831 slab_reclaimable:3744 slab_unreclaimable:1107
2016-09-14T19:14:30.316976-04:00 kernel: [45659.020894]  mapped:2075 shmem:43 pagetables:254 bounce:0
2016-09-14T19:14:30.316994-04:00 kernel: [45659.020894]  free_cma:11
2016-09-14T19:14:30.317040-04:00 kernel: [45659.020954] Normal free:3324kB min:2004kB low:2504kB high:3004kB active_anon:29624kB inactive_anon:80kB active_file:96268kB inactive_file:96536kB unevictable:1688kB isolated(anon):0kB isolated(file):0kB present:260096kB managed:251496kB mlocked:1688kB dirty:11484kB writeback:0kB mapped:8300kB shmem:172kB slab_reclaimable:14976kB slab_unreclaimable:4428kB kernel_stack:1176kB pagetables:1016kB unstable:0kB bounce:0kB free_cma:44kB writeback_tmp:0kB pages_scanned:0 all_unreclaimable? no
2016-09-14T19:14:30.317062-04:00 kernel: [45659.020966] lowmem_reserve[]: 0 0 0
2016-09-14T19:14:30.317088-04:00 kernel: [45659.020980] Normal: 159*4kB (UEMRC) 32*8kB (UMR) 30*16kB (R) 47*32kB (R) 7*64kB (R) 0*128kB 0*256kB 0*512kB 0*1024kB 0*2048kB 0*4096kB 0*8192kB = 3324kB
2016-09-14T19:14:30.317108-04:00 kernel: [45659.021037] 48588 total pagecache pages
2016-09-14T19:14:30.317127-04:00 kernel: [45659.021053] 0 pages in swap cache
2016-09-14T19:14:30.317147-04:00 kernel: [45659.021063] Swap cache stats: add 0, delete 0, find 0/0
2016-09-14T19:14:30.317166-04:00 kernel: [45659.021071] Free swap  = 0kB
2016-09-14T19:14:30.317184-04:00 kernel: [45659.021078] Total swap = 0kB
2016-09-14T19:14:30.317202-04:00 kernel: [45659.032100] 65536 pages of RAM
2016-09-14T19:14:30.317220-04:00 kernel: [45659.032112] 1159 free pages
2016-09-14T19:14:30.317239-04:00 kernel: [45659.032118] 2662 reserved pages
2016-09-14T19:14:30.317256-04:00 kernel: [45659.032126] 4851 slab pages
2016-09-14T19:14:30.317275-04:00 kernel: [45659.032133] 315674 pages shared
2016-09-14T19:14:30.317294-04:00 kernel: [45659.032141] 0 pages swap cached
2016-09-14T19:14:35.623486-04:00 kernel: [45664.328302] Mem-info:
2016-09-14T19:14:35.623508-04:00 kernel: [45664.328317] Normal per-cpu:
2016-09-14T19:14:35.623529-04:00 kernel: [45664.328330] CPU    0: hi:   90, btch:  15 usd:  83
2016-09-14T19:14:35.623549-04:00 kernel: [45664.328358] active_anon:7406 inactive_anon:20 isolated_anon:0
2016-09-14T19:14:35.623571-04:00 kernel: [45664.328358]  active_file:23998 inactive_file:24162 isolated_file:0
2016-09-14T19:14:35.623592-04:00 kernel: [45664.328358]  unevictable:422 dirty:4851 writeback:0 unstable:0
2016-09-14T19:14:35.623612-04:00 kernel: [45664.328358]  free:829 slab_reclaimable:3744 slab_unreclaimable:1101
2016-09-14T19:14:35.623633-04:00 kernel: [45664.328358]  mapped:2101 shmem:43 pagetables:252 bounce:0
2016-09-14T19:14:35.623652-04:00 kernel: [45664.328358]  free_cma:56
2016-09-14T19:14:35.623698-04:00 kernel: [45664.328419] Normal free:3316kB min:2004kB low:2504kB high:3004kB active_anon:29624kB inactive_anon:80kB active_file:95992kB inactive_file:96648kB unevictable:1688kB isolated(anon):0kB isolated(file):0kB present:260096kB managed:251496kB mlocked:1688kB dirty:19404kB writeback:0kB mapped:8404kB shmem:172kB slab_reclaimable:14976kB slab_unreclaimable:4404kB kernel_stack:1176kB pagetables:1008kB unstable:0kB bounce:0kB free_cma:224kB writeback_tmp:0kB pages_scanned:0 all_unreclaimable? no
2016-09-14T19:14:35.623719-04:00 kernel: [45664.328432] lowmem_reserve[]: 0 0 0
2016-09-14T19:14:35.623745-04:00 kernel: [45664.328446] Normal: 197*4kB (UMRC) 12*8kB (UR) 32*16kB (R) 46*32kB (R) 7*64kB (R) 0*128kB 0*256kB 0*512kB 0*1024kB 0*2048kB 0*4096kB 0*8192kB = 3316kB
2016-09-14T19:14:35.623765-04:00 kernel: [45664.328503] 48547 total pagecache pages
2016-09-14T19:14:35.623784-04:00 kernel: [45664.328519] 0 pages in swap cache
2016-09-14T19:14:35.623804-04:00 kernel: [45664.328529] Swap cache stats: add 0, delete 0, find 0/0
2016-09-14T19:14:35.623822-04:00 kernel: [45664.328537] Free swap  = 0kB
2016-09-14T19:14:35.623841-04:00 kernel: [45664.328543] Total swap = 0kB
2016-09-14T19:14:35.623859-04:00 kernel: [45664.339569] 65536 pages of RAM
2016-09-14T19:14:35.623877-04:00 kernel: [45664.339579] 1200 free pages
2016-09-14T19:14:35.623896-04:00 kernel: [45664.339586] 2662 reserved pages
2016-09-14T19:14:35.623914-04:00 kernel: [45664.339594] 4845 slab pages
2016-09-14T19:14:35.623932-04:00 kernel: [45664.339601] 315948 pages shared
2016-09-14T19:14:35.623951-04:00 kernel: [45664.339609] 0 pages swap cached
2016-09-14T19:14:40.985047-04:00 kernel: [45669.689880] Mem-info:
2016-09-14T19:14:40.985069-04:00 kernel: [45669.689894] Normal per-cpu:
2016-09-14T19:14:40.985090-04:00 kernel: [45669.689908] CPU    0: hi:   90, btch:  15 usd:  44
2016-09-14T19:14:40.985110-04:00 kernel: [45669.689937] active_anon:7406 inactive_anon:20 isolated_anon:0
2016-09-14T19:14:40.985132-04:00 kernel: [45669.689937]  active_file:24022 inactive_file:24174 isolated_file:0
2016-09-14T19:14:40.985152-04:00 kernel: [45669.689937]  unevictable:422 dirty:2543 writeback:41 unstable:0
2016-09-14T19:14:40.985173-04:00 kernel: [45669.689937]  free:821 slab_reclaimable:3744 slab_unreclaimable:1119
2016-09-14T19:14:40.985193-04:00 kernel: [45669.689937]  mapped:2080 shmem:43 pagetables:253 bounce:0
2016-09-14T19:14:40.985211-04:00 kernel: [45669.689937]  free_cma:0
2016-09-14T19:14:40.985257-04:00 kernel: [45669.689999] Normal free:3284kB min:2004kB low:2504kB high:3004kB active_anon:29624kB inactive_anon:80kB active_file:96088kB inactive_file:96696kB unevictable:1688kB isolated(anon):0kB isolated(file):0kB present:260096kB managed:251496kB mlocked:1688kB dirty:10172kB writeback:164kB mapped:8320kB shmem:172kB slab_reclaimable:14976kB slab_unreclaimable:4476kB kernel_stack:1176kB pagetables:1012kB unstable:0kB bounce:0kB free_cma:0kB writeback_tmp:0kB pages_scanned:0 all_unreclaimable? no
2016-09-14T19:14:40.985279-04:00 kernel: [45669.690011] lowmem_reserve[]: 0 0 0
2016-09-14T19:14:40.985305-04:00 kernel: [45669.690025] Normal: 207*4kB (UR) 7*8kB (R) 28*16kB (R) 47*32kB (R) 7*64kB (R) 0*128kB 0*256kB 0*512kB 0*1024kB 0*2048kB 0*4096kB 0*8192kB = 3284kB
2016-09-14T19:14:40.985326-04:00 kernel: [45669.690081] 48583 total pagecache pages
2016-09-14T19:14:40.985344-04:00 kernel: [45669.690096] 0 pages in swap cache
2016-09-14T19:14:40.985365-04:00 kernel: [45669.690106] Swap cache stats: add 0, delete 0, find 0/0
2016-09-14T19:14:40.985383-04:00 kernel: [45669.690114] Free swap  = 0kB
2016-09-14T19:14:40.985401-04:00 kernel: [45669.690121] Total swap = 0kB
2016-09-14T19:14:40.985420-04:00 kernel: [45669.701137] 65536 pages of RAM
2016-09-14T19:14:40.985438-04:00 kernel: [45669.701148] 1153 free pages
2016-09-14T19:14:40.985456-04:00 kernel: [45669.701155] 2662 reserved pages
2016-09-14T19:14:40.985474-04:00 kernel: [45669.701162] 4863 slab pages
2016-09-14T19:14:40.985493-04:00 kernel: [45669.701169] 314702 pages shared
2016-09-14T19:14:40.985511-04:00 kernel: [45669.701177] 0 pages swap cached
2016-09-14T19:14:46.165595-04:00 kernel: [45674.870367] Mem-info:
2016-09-14T19:14:46.165618-04:00 kernel: [45674.870382] Normal per-cpu:
2016-09-14T19:14:46.165639-04:00 kernel: [45674.870396] CPU    0: hi:   90, btch:  15 usd:  30
2016-09-14T19:14:46.165660-04:00 kernel: [45674.870424] active_anon:7408 inactive_anon:20 isolated_anon:0
2016-09-14T19:14:46.165682-04:00 kernel: [45674.870424]  active_file:23830 inactive_file:24267 isolated_file:0
2016-09-14T19:14:46.165702-04:00 kernel: [45674.870424]  unevictable:422 dirty:4359 writeback:0 unstable:0
2016-09-14T19:14:46.165723-04:00 kernel: [45674.870424]  free:928 slab_reclaimable:3744 slab_unreclaimable:1098
2016-09-14T19:14:46.165743-04:00 kernel: [45674.870424]  mapped:2084 shmem:43 pagetables:257 bounce:0
2016-09-14T19:14:46.165761-04:00 kernel: [45674.870424]  free_cma:28
2016-09-14T19:14:46.165807-04:00 kernel: [45674.870484] Normal free:3712kB min:2004kB low:2504kB high:3004kB active_anon:29632kB inactive_anon:80kB active_file:95320kB inactive_file:97068kB unevictable:1688kB isolated(anon):0kB isolated(file):0kB present:260096kB managed:251496kB mlocked:1688kB dirty:17436kB writeback:0kB mapped:8336kB shmem:172kB slab_reclaimable:14976kB slab_unreclaimable:4392kB kernel_stack:1184kB pagetables:1028kB unstable:0kB bounce:0kB free_cma:112kB writeback_tmp:0kB pages_scanned:0 all_unreclaimable? no
2016-09-14T19:14:46.165829-04:00 kernel: [45674.870496] lowmem_reserve[]: 0 0 0
2016-09-14T19:14:46.165855-04:00 kernel: [45674.870510] Normal: 422*4kB (UEC) 3*8kB (UR) 7*16kB (R) 45*32kB (R) 7*64kB (R) 0*128kB 0*256kB 0*512kB 0*1024kB 0*2048kB 0*4096kB 0*8192kB = 3712kB
2016-09-14T19:14:46.165875-04:00 kernel: [45674.870567] 48484 total pagecache pages
2016-09-14T19:14:46.165894-04:00 kernel: [45674.870583] 0 pages in swap cache
2016-09-14T19:14:46.165914-04:00 kernel: [45674.870593] Swap cache stats: add 0, delete 0, find 0/0
2016-09-14T19:14:46.165932-04:00 kernel: [45674.870601] Free swap  = 0kB
2016-09-14T19:14:46.165951-04:00 kernel: [45674.870608] Total swap = 0kB
2016-09-14T19:14:46.165969-04:00 kernel: [45674.881629] 65536 pages of RAM
2016-09-14T19:14:46.165988-04:00 kernel: [45674.881640] 1250 free pages
2016-09-14T19:14:46.166006-04:00 kernel: [45674.881647] 2662 reserved pages
2016-09-14T19:14:46.166025-04:00 kernel: [45674.881654] 4842 slab pages
2016-09-14T19:14:46.166043-04:00 kernel: [45674.881661] 315863 pages shared
2016-09-14T19:14:46.166062-04:00 kernel: [45674.881669] 0 pages swap cached
2016-09-14T19:14:51.485593-04:00 kernel: [45680.190337] Mem-info:
2016-09-14T19:14:51.485616-04:00 kernel: [45680.190351] Normal per-cpu:
2016-09-14T19:14:51.485637-04:00 kernel: [45680.190365] CPU    0: hi:   90, btch:  15 usd:  52
2016-09-14T19:14:51.485658-04:00 kernel: [45680.190393] active_anon:7407 inactive_anon:20 isolated_anon:0
2016-09-14T19:14:51.485680-04:00 kernel: [45680.190393]  active_file:23989 inactive_file:24151 isolated_file:0
2016-09-14T19:14:51.485701-04:00 kernel: [45680.190393]  unevictable:422 dirty:1124 writeback:3190 unstable:0
2016-09-14T19:14:51.485722-04:00 kernel: [45680.190393]  free:861 slab_reclaimable:3744 slab_unreclaimable:1117
2016-09-14T19:14:51.485742-04:00 kernel: [45680.190393]  mapped:2101 shmem:43 pagetables:253 bounce:0
2016-09-14T19:14:51.485760-04:00 kernel: [45680.190393]  free_cma:0
